<html>
<body>
<pre>
<h1>µVision Build Log</h1>
<h2>Tool Versions:</h2>
IDE-Version: •ÏVision V5.17.0.0
Copyright (C) 2015 ARM Ltd and ARM Germany GmbH. All rights reserved.
License Information: Jin Namil, eWbm, LIC=----
 
Tool Versions:
Toolchain:       MDK-Lite  Version: 5.17
Toolchain Path:  C:\Keil_v5\ARM\ARMCC\Bin
C Compiler:      Armcc.exe V5.06 update 1 (build 61)
Assembler:       Armasm.exe V5.06 update 1 (build 61)
Linker/Locator:  ArmLink.exe V5.06 update 1 (build 61)
Library Manager: ArmAr.exe V5.06 update 1 (build 61)
Hex Converter:   FromElf.exe V5.06 update 1 (build 61)
CPU DLL:         SARMCM3.DLL V5.17
Dialog DLL:      DARMCM1.DLL V1.12.0.0
Target DLL:      Segger\JL2CM3.dll V2.99.16.0
Dialog DLL:      TARMCM1.DLL V1.9.0.0
 
<h2>Project:</h2>
D:\pointblank\pointblank\pointblank\W5500\W5500.uvprojx
Project File Date:  07/02/2018

<h2>Output:</h2>
*** Using Compiler 'V5.06 update 1 (build 61)', folder: 'C:\Keil_v5\ARM\ARMCC\Bin'
Rebuild target 'Flash_Target'
compiling ewbm_delay.c...
compiling ewbm_pmu.c...
compiling ewbm_gpt.c...
compiling ewbm_dma.c...
compiling ewbm_gpio.c...
compiling ewbm_bspi.c...
compiling ewbm_i2c.c...
compiling ewbm_sdio_master.c...
compiling ewbm_sdio_slave.c...
compiling ewbm_spi_arm.c...
compiling ewbm_rtc.c...
compiling ewbm_spi.c...
compiling ewbm_spi_ewbm.c...
compiling ewbm_uart.c...
assembling startup_armcc_ARMCM0.s...
compiling ewbm_wdt.c...
compiling ewbm_clock.c...
compiling ewbm_padmux.c...
compiling ewbm_isr.c...
compiling system_ewbm.c...
compiling main.c...
compiling socket.c...
compiling w5500.c...
compiling wizchip_conf.c...
compiling wiz_init.c...
compiling ping.c...
linking...
Program Size: Code=21640 RO-data=1508 RW-data=144 ZI-data=12832  
FromELF: creating hex file...
After Build - User command #1: fromelf.exe --bin Objects/W5500.axf --output Objects/W5500.bin
".\Objects\W5500.axf" - 0 Error(s), 0 Warning(s).

<h2>Collection of Component include folders:</h2>
  D:\pointblank\pointblank\pointblank\W5500\RTE
  C:\Keil_v5\ARM\PACK\ARM\CMSIS\5.3.0\Device\ARM\ARMCM0\Include

<h2>Collection of Component Files used:</h2>
Build Time Elapsed:  00:00:02
</pre>
</body>
</html>
