Component: ARM Compiler 5.06 update 1 (build 61) Tool: armlink [4d35a8]

==============================================================================

Section Cross References

    ewbm_bspi.o(i.BSPI_FlashBlockErase) refers to ewbm_bspi.o(.data) for instSetData
    ewbm_bspi.o(i.BSPI_FlashChipErase) refers to ewbm_bspi.o(.data) for instSetData
    ewbm_bspi.o(i.BSPI_FlashInit) refers to ewbm_bspi.o(.data) for instSetData
    ewbm_bspi.o(i.BSPI_FlashRead) refers to ewbm_bspi.o(.data) for instSetData
    ewbm_bspi.o(i.BSPI_FlashSectorErase) refers to ewbm_bspi.o(.data) for instSetData
    ewbm_bspi.o(i.BSPI_FlashWrite) refers to ewbm_bspi.o(.data) for instSetData
    ewbm_delay.o(i.__m_delay) refers to ewbm_isr.o(i.get_system_jitter) for get_system_jitter
    ewbm_dma.o(i.DMA_ClearInterrupt) refers to ewbm_dma.o(i.dma_check_peri) for dma_check_peri
    ewbm_dma.o(i.DMA_DeInit) refers to ewbm_dma.o(i.dma_check_peri) for dma_check_peri
    ewbm_dma.o(i.DMA_DeInit) refers to ewbm_isr.o(i.external_isr_clear) for external_isr_clear
    ewbm_dma.o(i.DMA_DeInit) refers to ewbm_dma.o(.bss) for gDmaIntCb
    ewbm_dma.o(i.DMA_DisableInterrupt) refers to ewbm_isr.o(i.external_isr_clear) for external_isr_clear
    ewbm_dma.o(i.DMA_DisableInterrupt) refers to ewbm_dma.o(.bss) for gDmaIntCb
    ewbm_dma.o(i.DMA_EnableInterrupt) refers to ewbm_isr.o(i.external_isr_set) for external_isr_set
    ewbm_dma.o(i.DMA_EnableInterrupt) refers to ewbm_dma.o(.bss) for gDmaIntCb
    ewbm_dma.o(i.DMA_EnableInterrupt) refers to ewbm_dma.o(i.dma_int_cb) for dma_int_cb
    ewbm_dma.o(i.DMA_Init) refers to ewbm_dma.o(i.dma_check_peri) for dma_check_peri
    ewbm_dma.o(i.DMA_Start) refers to ewbm_dma.o(i.dma_check_peri) for dma_check_peri
    ewbm_dma.o(i.dma_check_peri) refers to ewbm_dma.o(i.__ARM_common_switch8) for __ARM_common_switch8
    ewbm_dma.o(i.dma_int_cb) refers to ewbm_dma.o(i.dma_int_clear) for dma_int_clear
    ewbm_dma.o(i.dma_int_cb) refers to ewbm_dma.o(.bss) for gDmaIntCb
    ewbm_gpio.o(i.GPIO_DeInit) refers to ewbm_isr.o(i.external_isr_clear) for external_isr_clear
    ewbm_gpio.o(i.GPIO_GetConfiguration) refers to ewbm_gpio.o(i.gpio_get_baseaddr) for gpio_get_baseaddr
    ewbm_gpio.o(i.GPIO_GetMajRevision) refers to ewbm_gpio.o(i.gpio_get_baseaddr) for gpio_get_baseaddr
    ewbm_gpio.o(i.GPIO_GetMinRevision) refers to ewbm_gpio.o(i.gpio_get_baseaddr) for gpio_get_baseaddr
    ewbm_gpio.o(i.GPIO_GetPartNum) refers to ewbm_gpio.o(i.gpio_get_baseaddr) for gpio_get_baseaddr
    ewbm_gpio.o(i.GPIO_GetReservedNum) refers to ewbm_gpio.o(i.gpio_get_baseaddr) for gpio_get_baseaddr
    ewbm_gpio.o(i.GPIO_Init) refers to ewbm_gpio.o(i.gpio_get_baseaddr) for gpio_get_baseaddr
    ewbm_gpio.o(i.GPIO_Init) refers to ewbm_isr.o(i.external_isr_clear) for external_isr_clear
    ewbm_gpio.o(i.GPIO_InterruptStart) refers to ewbm_isr.o(i.external_isr_set) for external_isr_set
    ewbm_gpio.o(i.GPIO_InterruptStart) refers to ewbm_gpio.o(.bss) for gGPIOIntrArray
    ewbm_gpio.o(i.GPIO_InterruptStart) refers to ewbm_gpio.o(i.gpio_intr_cb) for gpio_intr_cb
    ewbm_gpio.o(i.GPIO_InterruptStop) refers to ewbm_gpio.o(.bss) for gGPIOIntrArray
    ewbm_gpio.o(i.gpio_intr_cb) refers to ewbm_gpio.o(.bss) for gGPIOIntrArray
    ewbm_gpt.o(i.GPT_GetConfiguration) refers to ewbm_gpt.o(i.gpt_get_baseaddr) for gpt_get_baseaddr
    ewbm_gpt.o(i.GPT_GetMajRevision) refers to ewbm_gpt.o(i.gpt_get_baseaddr) for gpt_get_baseaddr
    ewbm_gpt.o(i.GPT_GetMinRevision) refers to ewbm_gpt.o(i.gpt_get_baseaddr) for gpt_get_baseaddr
    ewbm_gpt.o(i.GPT_GetPartNum) refers to ewbm_gpt.o(i.gpt_get_baseaddr) for gpt_get_baseaddr
    ewbm_gpt.o(i.GPT_GetReservedNum) refers to ewbm_gpt.o(i.gpt_get_baseaddr) for gpt_get_baseaddr
    ewbm_gpt.o(i.GPT_Init) refers to ewbm_gpt.o(i.gpt_get_baseaddr) for gpt_get_baseaddr
    ewbm_gpt.o(i.GPT_Init) refers to ewbm_isr.o(i.external_isr_clear) for external_isr_clear
    ewbm_gpt.o(i.GPT_Init) refers to rt_memclr.o(.text) for __aeabi_memclr4
    ewbm_gpt.o(i.GPT_Init) refers to ewbm_gpt.o(.bss) for gGPTIntrArray
    ewbm_gpt.o(i.GPT_TimeBaseStart) refers to ewbm_isr.o(i.external_isr_set) for external_isr_set
    ewbm_gpt.o(i.GPT_TimeBaseStart) refers to ewbm_gpt.o(.bss) for gGPTIntrArray
    ewbm_gpt.o(i.GPT_TimeBaseStart) refers to ewbm_gpt.o(i.gpt_intr_cb) for gpt_intr_cb
    ewbm_gpt.o(i.GPT_TimeBaseStop) refers to ewbm_isr.o(i.external_isr_clear) for external_isr_clear
    ewbm_gpt.o(i.gpt_intr_cb) refers to ewbm_gpt.o(i.gpt_get_intrsts) for gpt_get_intrsts
    ewbm_gpt.o(i.gpt_intr_cb) refers to ewbm_gpt.o(i.gpt_clear_intrsts) for gpt_clear_intrsts
    ewbm_gpt.o(i.gpt_intr_cb) refers to ewbm_gpt.o(.bss) for gGPTIntrArray
    ewbm_i2c.o(i.I2C_GetConfiguration) refers to ewbm_i2c.o(i.i2c_get_baseaddr) for i2c_get_baseaddr
    ewbm_i2c.o(i.I2C_GetMajRevision) refers to ewbm_i2c.o(i.i2c_get_baseaddr) for i2c_get_baseaddr
    ewbm_i2c.o(i.I2C_GetMinRevision) refers to ewbm_i2c.o(i.i2c_get_baseaddr) for i2c_get_baseaddr
[...]
    i.reg_wizchip_spi_cbfunc                 0x000042fc   Section        0  wizchip_conf.o(i.reg_wizchip_spi_cbfunc)
    i.runServer                              0x00004338   Section        0  main.o(i.runServer)
    i.send                                   0x000045ac   Section        0  socket.o(i.send)
    i.sendto                                 0x00004724   Section        0  socket.o(i.sendto)
    i.socket                                 0x00004938   Section        0  socket.o(i.socket)
    i.spi_gpio_init                          0x00004ad4   Section        0  main.o(i.spi_gpio_init)
    i.uart_get_baseaddr                      0x00004b60   Section        0  ewbm_uart.o(i.uart_get_baseaddr)
    uart_get_baseaddr                        0x00004b61   Thumb Code    32  ewbm_uart.o(i.uart_get_baseaddr)
    i.uart_get_int_mask                      0x00004b8c   Section        0  ewbm_uart.o(i.uart_get_int_mask)
    i.uart_int_cb                            0x00004bc0   Section        0  ewbm_uart.o(i.uart_int_cb)
    uart_int_cb                              0x00004bc1   Thumb Code    98  ewbm_uart.o(i.uart_int_cb)
    i.uart_int_clear                         0x00004c28   Section        0  ewbm_uart.o(i.uart_int_clear)
    uart_int_clear                           0x00004c29   Thumb Code    50  ewbm_uart.o(i.uart_int_clear)
    i.uart_isr_rx_handler                    0x00004c5c   Section        0  main.o(i.uart_isr_rx_handler)
    uart_isr_rx_handler                      0x00004c5d   Thumb Code    24  main.o(i.uart_isr_rx_handler)
    i.wait_1ms                               0x00004c88   Section        0  ping.o(i.wait_1ms)
    i.wait_1us                               0x00004ca0   Section        0  ping.o(i.wait_1us)
    i.wiz_recv_data                          0x00004cac   Section        0  w5500.o(i.wiz_recv_data)
    i.wiz_recv_ignore                        0x00004d32   Section        0  w5500.o(i.wiz_recv_ignore)
    i.wiz_send_data                          0x00004d92   Section        0  w5500.o(i.wiz_send_data)
    i.wizchip_bus_readdata                   0x00004e18   Section        0  wizchip_conf.o(i.wizchip_bus_readdata)
    i.wizchip_bus_writedata                  0x00004e1e   Section        0  wizchip_conf.o(i.wizchip_bus_writedata)
    i.wizchip_clrinterrupt                   0x00004e22   Section        0  wizchip_conf.o(i.wizchip_clrinterrupt)
    i.wizchip_cris_enter                     0x00004e44   Section        0  wizchip_conf.o(i.wizchip_cris_enter)
    i.wizchip_cris_exit                      0x00004e46   Section        0  wizchip_conf.o(i.wizchip_cris_exit)
    i.wizchip_cs_deselect                    0x00004e48   Section        0  wizchip_conf.o(i.wizchip_cs_deselect)
    i.wizchip_cs_select                      0x00004e4a   Section        0  wizchip_conf.o(i.wizchip_cs_select)
    i.wizchip_getinterrupt                   0x00004e4c   Section        0  wizchip_conf.o(i.wizchip_getinterrupt)
    i.wizchip_getinterruptmask               0x00004e78   Section        0  wizchip_conf.o(i.wizchip_getinterruptmask)
    i.wizchip_getnetinfo                     0x00004ea0   Section        0  wizchip_conf.o(i.wizchip_getnetinfo)
    i.wizchip_getnetmode                     0x00004efc   Section        0  wizchip_conf.o(i.wizchip_getnetmode)
    i.wizchip_gettimeout                     0x00004f06   Section        0  wizchip_conf.o(i.wizchip_gettimeout)
    i.wizchip_init                           0x00004f2c   Section        0  wizchip_conf.o(i.wizchip_init)
    i.wizchip_setinterruptmask               0x00004fbc   Section        0  wizchip_conf.o(i.wizchip_setinterruptmask)
    i.wizchip_setnetinfo                     0x00004fdc   Section        0  wizchip_conf.o(i.wizchip_setnetinfo)
    i.wizchip_setnetmode                     0x00005034   Section        0  wizchip_conf.o(i.wizchip_setnetmode)
    i.wizchip_settimeout                     0x00005062   Section        0  wizchip_conf.o(i.wizchip_settimeout)
    i.wizchip_spi_readbyte                   0x00005088   Section        0  wizchip_conf.o(i.wizchip_spi_readbyte)
    i.wizchip_spi_writebyte                  0x0000508c   Section        0  wizchip_conf.o(i.wizchip_spi_writebyte)
    i.wizchip_sw_reset                       0x0000508e   Section        0  wizchip_conf.o(i.wizchip_sw_reset)
    i.wizphy_getphyconf                      0x00005100   Section        0  wizchip_conf.o(i.wizphy_getphyconf)
    i.wizphy_getphylink                      0x0000517a   Section        0  wizchip_conf.o(i.wizphy_getphylink)
    i.wizphy_getphypmode                     0x00005196   Section        0  wizchip_conf.o(i.wizphy_getphypmode)
    i.wizphy_reset                           0x000051b4   Section        0  wizchip_conf.o(i.wizphy_reset)
    i.wizphy_setphyconf                      0x000051ec   Section        0  wizchip_conf.o(i.wizphy_setphyconf)
    i.wizphy_setphypmode                     0x00005248   Section        0  wizchip_conf.o(i.wizphy_setphypmode)
    locale$$code                             0x000052b4   Section       44  lc_numeric_c.o(locale$$code)
    locale$$code                             0x000052e0   Section       44  lc_ctype_c.o(locale$$code)
    x$fpl$fadd                               0x0000530c   Section      140  faddsub.o(x$fpl$fadd)
    _fadd1                                   0x00005319   Thumb Code     0  faddsub.o(x$fpl$fadd)
    x$fpl$fmul                               0x00005398   Section      176  fmul.o(x$fpl$fmul)
    x$fpl$fsub                               0x00005448   Section      208  faddsub.o(x$fpl$fsub)
    _fsub1                                   0x00005455   Thumb Code     0  faddsub.o(x$fpl$fsub)
    x$fpl$printf1                            0x00005518   Section       16  printf1.o(x$fpl$printf1)
    x$fpl$printf2                            0x00005528   Section       16  printf2.o(x$fpl$printf2)
    .constdata                               0x00005538   Section       20  ewbm_padmux.o(.constdata)
    x$fpl$usenofp                            0x00005538   Section        0  usenofp.o(x$fpl$usenofp)
    .constdata                               0x0000554c   Section       16  wiz_init.o(.constdata)
    .constdata                               0x0000555c   Section       64  fdiv.o(.constdata)
    fdiv_tab                                 0x0000555c   Data          64  fdiv.o(.constdata)
    .constdata                               0x0000559c   Section        8  _printf_wctomb.o(.constdata)
    initial_mbstate                          0x0000559c   Data           8  _printf_wctomb.o(.constdata)
    .constdata                               0x000055a4   Section       40  _printf_hex_int_ll_ptr.o(.constdata)
    uc_hextab                                0x000055a4   Data          20  _printf_hex_int_ll_ptr.o(.constdata)
    lc_hextab                                0x000055b8   Data          20  _printf_hex_int_ll_ptr.o(.constdata)
    .constdata                               0x000055cc   Section       17  __printf_flags_ss_wp.o(.constdata)
    maptable                                 0x000055cc   Data          17  __printf_flags_ss_wp.o(.constdata)
    .constdata                               0x000055dd   Section       38  _printf_fp_hex.o(.constdata)
    lc_hextab                                0x000055dd   Data          19  _printf_fp_hex.o(.constdata)
    uc_hextab                                0x000055f0   Data          19  _printf_fp_hex.o(.constdata)
    .constdata                               0x00005604   Section      148  bigflt0.o(.constdata)
    tenpwrs_x                                0x00005604   Data          60  bigflt0.o(.constdata)
    tenpwrs_i                                0x00005640   Data          64  bigflt0.o(.constdata)
    .conststring                             0x00005698   Section      577  main.o(.conststring)
    .conststring                             0x000058dc   Section       65  ping.o(.conststring)
    locale$$data                             0x00005940   Section       28  lc_numeric_c.o(locale$$data)
    __lcnum_c_name                           0x00005944   Data           2  lc_numeric_c.o(locale$$data)
    __lcnum_c_start                          0x0000594c   Data           0  lc_numeric_c.o(locale$$data)
    __lcnum_c_point                          0x00005958   Data           0  lc_numeric_c.o(locale$$data)
    __lcnum_c_thousands                      0x0000595a   Data           0  lc_numeric_c.o(locale$$data)
    __lcnum_c_grouping                       0x0000595b   Data           0  lc_numeric_c.o(locale$$data)
    locale$$data                             0x0000595c   Section      272  lc_ctype_c.o(locale$$data)
    __lcnum_c_end                            0x0000595c   Data           0  lc_numeric_c.o(locale$$data)
    __lcctype_c_name                         0x00005960   Data           2  lc_ctype_c.o(locale$$data)
    __lcctype_c_start                        0x00005968   Data           0  lc_ctype_c.o(locale$$data)
    __lcctype_c_end                          0x00005a6c   Data           0  lc_ctype_c.o(locale$$data)
    .data                                    0x20000000   Section        8  ewbm_uart.o(.data)
    gPrintHandle                             0x20000000   Data           4  ewbm_uart.o(.data)
    gPrintBuf                                0x20000004   Data           4  ewbm_uart.o(.data)
    .data                                    0x20000008   Section        4  ewbm_isr.o(.data)
    jitter                                   0x20000008   Data           4  ewbm_isr.o(.data)
    .data                                    0x2000000c   Section        4  system_ewbm.o(.data)
    .data                                    0x20000010   Section       37  main.o(.data)
    gWIZNETINFO                              0x20000019   Data          23  main.o(.data)
    .data                                    0x20000036   Section       14  socket.o(.data)
    sock_any_port                            0x20000036   Data           2  socket.o(.data)
    sock_io_mode                             0x20000038   Data           2  socket.o(.data)
    sock_is_sending                          0x2000003a   Data           2  socket.o(.data)
    .data                                    0x20000044   Section       18  wiz_init.o(.data)
    .data                                    0x20000058   Section       45  wizchip_conf.o(.data)
    _DNS_                                    0x20000080   Data           4  wizchip_conf.o(.data)
    _DHCP_                                   0x20000084   Data           1  wizchip_conf.o(.data)
    .data                                    0x20000086   Section        7  ping.o(.data)
    RandomID                                 0x20000086   Data           2  ping.o(.data)
    RandomSeqNum                             0x20000088   Data           2  ping.o(.data)
    .bss                                     0x20000090   Section       48  ewbm_uart.o(.bss)
    gUartIntCb                               0x20000090   Data          48  ewbm_uart.o(.bss)
    .bss                                     0x200000c0   Section      224  ewbm_isr.o(.bss)
    isrInfoVector                            0x200000c0   Data         224  ewbm_isr.o(.bss)
    .bss                                     0x200001a0   Section       78  main.o(.bss)
    .bss                                     0x200001ee   Section       16  socket.o(.bss)
    sock_remained_size                       0x200001ee   Data          16  socket.o(.bss)
    .bss                                     0x200001fe   Section       80  ping.o(.bss)
    .bss                                     0x20000250   Section       96  libspace.o(.bss)
    HEAP                                     0x200002b0   Section     8192  startup_armcc_armcm0.o(HEAP)
    Heap_Mem                                 0x200002b0   Data        8192  startup_armcc_armcm0.o(HEAP)
    STACK                                    0x200022b0   Section     4096  startup_armcc_armcm0.o(STACK)
    Stack_Mem                                0x200022b0   Data        4096  startup_armcc_armcm0.o(STACK)
    __initial_sp                             0x200032b0   Data           0  startup_armcc_armcm0.o(STACK)

    Global Symbols

    Symbol Name                              Value     Ov Type        Size  Object(Section)

    BuildAttributes$$THM_ISAv3M$S$PE$A:L22$X:L11$S22$IEEE1$IW$USESV6$~STKCKD$USESV7$~SHL$OTIME$ROPI$IEEEJ$EBA8$UX$STANDARDLIB$REQ8$PRES8$EABIv2 0x00000000   Number         0  anon$$obj.o ABSOLUTE
    __ARM_use_no_argv                        0x00000000   Number         0  main.o ABSOLUTE
    __Vectors                                0x00000000   Data           4  startup_armcc_armcm0.o(RESET)
    _printf_flags                            0x00000000   Number         0  printf_stubs.o ABSOLUTE
    _printf_return_value                     0x00000000   Number         0  printf_stubs.o ABSOLUTE
    _printf_sizespec                         0x00000000   Number         0  printf_stubs.o ABSOLUTE
    _printf_widthprec                        0x00000000   Number         0  printf_stubs.o ABSOLUTE
    __ARM_exceptions_init                     - Undefined Weak Reference
    __alloca_initialize                       - Undefined Weak Reference
    __arm_preinit_                            - Undefined Weak Reference
    __cpp_initialize__aeabi_                  - Undefined Weak Reference
    __cxa_finalize                            - Undefined Weak Reference
    __sigvec_lookup                           - Undefined Weak Reference
    __user_heap_extent                        - Undefined Weak Reference
    _atexit_init                              - Undefined Weak Reference
    _call_atexit_fns                          - Undefined Weak Reference
    _clock_init                               - Undefined Weak Reference
    _fp_trap_init                             - Undefined Weak Reference
    _fp_trap_shutdown                         - Undefined Weak Reference
    _get_lc_collate                           - Undefined Weak Reference
    _get_lc_monetary                          - Undefined Weak Reference
    _get_lc_time                              - Undefined Weak Reference
    _getenv_init                              - Undefined Weak Reference
    _handle_redirection                       - Undefined Weak Reference
    _initio                                   - Undefined Weak Reference
    _mutex_acquire                            - Undefined Weak Reference
    _mutex_free                               - Undefined Weak Reference
    _mutex_release                            - Undefined Weak Reference
    _printf_mbtowc                            - Undefined Weak Reference
    _printf_wc                                - Undefined Weak Reference
    _rand_init                                - Undefined Weak Reference
    _signal_finish                            - Undefined Weak Reference
    _signal_init                              - Undefined Weak Reference
    _terminateio                              - Undefined Weak Reference
    __Vectors_End                            0x000000b0   Data           0  startup_armcc_armcm0.o(RESET)
    __Vectors_Size                           0x000000b0   Number         0  startup_armcc_armcm0.o ABSOLUTE
    __main                                   0x000000b1   Thumb Code     8  __main.o(!!!main)
    __scatterload                            0x000000b9   Thumb Code     0  __scatter.o(!!!scatter)
    __scatterload_rt2                        0x000000b9   Thumb Code    52  __scatter.o(!!!scatter)
    __scatterload_rt2_thumb_only             0x000000b9   Thumb Code     0  __scatter.o(!!!scatter)
    __scatterload_null                       0x000000c9   Thumb Code     0  __scatter.o(!!!scatter)
    __scatterload_copy                       0x000000f5   Thumb Code    26  __scatter_copy.o(!!handler_copy)
    __scatterload_zeroinit                   0x00000111   Thumb Code    28  __scatter_zi.o(!!handler_zi)
    _printf_percent                          0x0000012d   Thumb Code     0  _printf_percent.o(.ARM.Collect$$_printf_percent$$00000000)
    _printf_n                                0x0000012f   Thumb Code     0  _printf_n.o(.ARM.Collect$$_printf_percent$$00000001)
    _printf_p                                0x00000139   Thumb Code     0  _printf_p.o(.ARM.Collect$$_printf_percent$$00000002)
    _printf_f                                0x00000143   Thumb Code     0  _printf_f.o(.ARM.Collect$$_printf_percent$$00000003)
    _printf_e                                0x0000014d   Thumb Code     0  _printf_e.o(.ARM.Collect$$_printf_percent$$00000004)
    _printf_g                                0x00000157   Thumb Code     0  _printf_g.o(.ARM.Collect$$_printf_percent$$00000005)
    _printf_a                                0x00000161   Thumb Code     0  _printf_a.o(.ARM.Collect$$_printf_percent$$00000006)
    _printf_ll                               0x0000016b   Thumb Code     0  _printf_ll.o(.ARM.Collect$$_printf_percent$$00000007)
    _printf_i                                0x00000175   Thumb Code     0  _printf_i.o(.ARM.Collect$$_printf_percent$$00000008)
    _printf_d                                0x0000017f   Thumb Code     0  _printf_d.o(.ARM.Collect$$_printf_percent$$00000009)
    _printf_u                                0x00000189   Thumb Code     0  _printf_u.o(.ARM.Collect$$_printf_percent$$0000000A)
    _printf_o                                0x00000193   Thumb Code     0  _printf_o.o(.ARM.Collect$$_printf_percent$$0000000B)
    _printf_x                                0x0000019d   Thumb Code     0  _printf_x.o(.ARM.Collect$$_printf_percent$$0000000C)
    _printf_lli                              0x000001a7   Thumb Code     0  _printf_lli.o(.ARM.Collect$$_printf_percent$$0000000D)
    _printf_lld                              0x000001b1   Thumb Code     0  _printf_lld.o(.ARM.Collect$$_printf_percent$$0000000E)
    _printf_llu                              0x000001bb   Thumb Code     0  _printf_llu.o(.ARM.Collect$$_printf_percent$$0000000F)
    _printf_llo                              0x000001c5   Thumb Code     0  _printf_llo.o(.ARM.Collect$$_printf_percent$$00000010)
    _printf_llx                              0x000001cf   Thumb Code     0  _printf_llx.o(.ARM.Collect$$_printf_percent$$00000011)
    _printf_l                                0x000001d9   Thumb Code     0  _printf_l.o(.ARM.Collect$$_printf_percent$$00000012)
    _printf_c                                0x000001e3   Thumb Code     0  _printf_c.o(.ARM.Collect$$_printf_percent$$00000013)
    _printf_s                                0x000001ed   Thumb Code     0  _printf_s.o(.ARM.Collect$$_printf_percent$$00000014)
    _printf_lc                               0x000001f7   Thumb Code     0  _printf_lc.o(.ARM.Collect$$_printf_percent$$00000015)
    _printf_ls                               0x00000201   Thumb Code     0  _printf_ls.o(.ARM.Collect$$_printf_percent$$00000016)
    _printf_percent_end                      0x0000020b   Thumb Code     0  _printf_percent_end.o(.ARM.Collect$$_printf_percent$$00000017)
    __rt_lib_init                            0x0000020f   Thumb Code     0  libinit.o(.ARM.Collect$$libinit$$00000000)
    __rt_lib_init_fp_1                       0x00000211   Thumb Code     0  libinit2.o(.ARM.Collect$$libinit$$00000002)
    __rt_lib_init_heap_2                     0x00000211   Thumb Code     0  libinit2.o(.ARM.Collect$$libinit$$00000005)
    __rt_lib_init_preinit_1                  0x00000211   Thumb Code     0  libinit2.o(.ARM.Collect$$libinit$$00000004)
    __rt_lib_init_heap_1                     0x00000219   Thumb Code     0  libinit2.o(.ARM.Collect$$libinit$$0000000A)
    __rt_lib_init_lc_common                  0x00000219   Thumb Code     0  libinit2.o(.ARM.Collect$$libinit$$0000000F)
    __rt_lib_init_rand_1                     0x00000219   Thumb Code     0  libinit2.o(.ARM.Collect$$libinit$$0000000E)
    __rt_lib_init_user_alloc_1               0x00000219   Thumb Code     0  libinit2.o(.ARM.Collect$$libinit$$0000000C)
    __rt_lib_init_lc_collate_1               0x0000021f   Thumb Code     0  libinit2.o(.ARM.Collect$$libinit$$00000011)
    __rt_lib_init_lc_ctype_2                 0x0000021f   Thumb Code     0  libinit2.o(.ARM.Collect$$libinit$$00000012)
    __rt_lib_init_lc_ctype_1                 0x0000022b   Thumb Code     0  libinit2.o(.ARM.Collect$$libinit$$00000013)
    __rt_lib_init_lc_monetary_1              0x0000022b   Thumb Code     0  libinit2.o(.ARM.Collect$$libinit$$00000015)
    __rt_lib_init_lc_numeric_2               0x0000022b   Thumb Code     0  libinit2.o(.ARM.Collect$$libinit$$00000016)
    __rt_lib_init_alloca_1                   0x00000235   Thumb Code     0  libinit2.o(.ARM.Collect$$libinit$$0000002E)
    __rt_lib_init_argv_1                     0x00000235   Thumb Code     0  libinit2.o(.ARM.Collect$$libinit$$0000002C)
    __rt_lib_init_atexit_1                   0x00000235   Thumb Code     0  libinit2.o(.ARM.Collect$$libinit$$0000001B)
    __rt_lib_init_clock_1                    0x00000235   Thumb Code     0  libinit2.o(.ARM.Collect$$libinit$$00000021)
    __rt_lib_init_cpp_1                      0x00000235   Thumb Code     0  libinit2.o(.ARM.Collect$$libinit$$00000032)
    __rt_lib_init_exceptions_1               0x00000235   Thumb Code     0  libinit2.o(.ARM.Collect$$libinit$$00000030)
    __rt_lib_init_fp_trap_1                  0x00000235   Thumb Code     0  libinit2.o(.ARM.Collect$$libinit$$0000001F)
    __rt_lib_init_getenv_1                   0x00000235   Thumb Code     0  libinit2.o(.ARM.Collect$$libinit$$00000023)
    __rt_lib_init_lc_numeric_1               0x00000235   Thumb Code     0  libinit2.o(.ARM.Collect$$libinit$$00000017)
    __rt_lib_init_lc_time_1                  0x00000235   Thumb Code     0  libinit2.o(.ARM.Collect$$libinit$$00000019)
    __rt_lib_init_return                     0x00000235   Thumb Code     0  libinit2.o(.ARM.Collect$$libinit$$00000033)
    __rt_lib_init_signal_1                   0x00000235   Thumb Code     0  libinit2.o(.ARM.Collect$$libinit$$0000001D)
    __rt_lib_init_stdio_1                    0x00000235   Thumb Code     0  libinit2.o(.ARM.Collect$$libinit$$00000025)
    __rt_lib_shutdown                        0x00000237   Thumb Code     0  libshutdown.o(.ARM.Collect$$libshutdown$$00000000)
    __rt_lib_shutdown_cpp_1                  0x00000239   Thumb Code     0  libshutdown2.o(.ARM.Collect$$libshutdown$$00000002)
    __rt_lib_shutdown_fp_trap_1              0x00000239   Thumb Code     0  libshutdown2.o(.ARM.Collect$$libshutdown$$00000007)
    __rt_lib_shutdown_heap_1                 0x00000239   Thumb Code     0  libshutdown2.o(.ARM.Collect$$libshutdown$$0000000F)
    __rt_lib_shutdown_return                 0x00000239   Thumb Code     0  libshutdown2.o(.ARM.Collect$$libshutdown$$00000010)
    __rt_lib_shutdown_signal_1               0x00000239   Thumb Code     0  libshutdown2.o(.ARM.Collect$$libshutdown$$0000000A)
    __rt_lib_shutdown_stdio_1                0x00000239   Thumb Code     0  libshutdown2.o(.ARM.Collect$$libshutdown$$00000004)
    __rt_lib_shutdown_user_alloc_1           0x00000239   Thumb Code     0  libshutdown2.o(.ARM.Collect$$libshutdown$$0000000C)
    __rt_entry                               0x0000023b   Thumb Code     0  __rtentry.o(.ARM.Collect$$rtentry$$00000000)
    __rt_entry_presh_1                       0x0000023b   Thumb Code     0  __rtentry2.o(.ARM.Collect$$rtentry$$00000002)
    __rt_entry_sh                            0x0000023b   Thumb Code     0  __rtentry4.o(.ARM.Collect$$rtentry$$00000004)
    __rt_entry_li                            0x00000241   Thumb Code     0  __rtentry2.o(.ARM.Collect$$rtentry$$0000000A)
    __rt_entry_postsh_1                      0x00000241   Thumb Code     0  __rtentry2.o(.ARM.Collect$$rtentry$$00000009)
    __rt_entry_main                          0x00000245   Thumb Code     0  __rtentry2.o(.ARM.Collect$$rtentry$$0000000D)
    __rt_entry_postli_1                      0x00000245   Thumb Code     0  __rtentry2.o(.ARM.Collect$$rtentry$$0000000C)
    __rt_exit                                0x0000024d   Thumb Code     0  rtexit.o(.ARM.Collect$$rtexit$$00000000)
    __rt_exit_ls                             0x0000024f   Thumb Code     0  rtexit2.o(.ARM.Collect$$rtexit$$00000003)
    __rt_exit_prels_1                        0x0000024f   Thumb Code     0  rtexit2.o(.ARM.Collect$$rtexit$$00000002)
    __rt_exit_exit                           0x00000253   Thumb Code     0  rtexit2.o(.ARM.Collect$$rtexit$$00000004)
    __aeabi_memcpy4                          0x00000259   Thumb Code    56  rt_memcpy.o(.emb_text)
    __aeabi_memcpy8                          0x00000259   Thumb Code     0  rt_memcpy.o(.emb_text)
    Reset_Handler                            0x00000291   Thumb Code     8  startup_armcc_armcm0.o(.text)
    _maybe_terminate_alloc                   0x00000291   Thumb Code     0  maybetermalloc1.o(.emb_text)
    __user_initial_stackheap                 0x000002a5   Thumb Code    10  startup_armcc_armcm0.o(.text)
    malloc                                   0x000002c9   Thumb Code    98  h1_alloc.o(.text)
    free                                     0x0000032b   Thumb Code    76  h1_free.o(.text)
    vsprintf                                 0x00000379   Thumb Code    32  vsprintf.o(.text)
    strlen                                   0x0000039d   Thumb Code    62  strlen.o(.text)
    _memset_w                                0x000003e1   Thumb Code    26  rt_memclr.o(.text)
    _memset                                  0x000003fb   Thumb Code    30  rt_memclr.o(.text)
    __aeabi_memclr                           0x00000419   Thumb Code     4  rt_memclr.o(.text)
    __rt_memclr                              0x00000419   Thumb Code     0  rt_memclr.o(.text)
    __aeabi_memclr4                          0x0000041d   Thumb Code     0  rt_memclr.o(.text)
    __aeabi_memclr8                          0x0000041d   Thumb Code     0  rt_memclr.o(.text)
    __rt_memclr_w                            0x0000041d   Thumb Code     4  rt_memclr.o(.text)
    __aeabi_uidiv                            0x00000421   Thumb Code     0  aeabi_sdiv.o(.text)
    __aeabi_uidivmod                         0x00000421   Thumb Code    20  aeabi_sdiv.o(.text)
    __aeabi_idiv                             0x00000435   Thumb Code     0  aeabi_sdiv.o(.text)
    __aeabi_idivmod                          0x00000435   Thumb Code   326  aeabi_sdiv.o(.text)
    __use_two_region_memory                  0x0000057b   Thumb Code     2  heapauxi.o(.text)
    __rt_heap_escrow                         0x0000057d   Thumb Code     2  heapauxi.o(.text)
    __rt_heap_expand                         0x0000057f   Thumb Code     2  heapauxi.o(.text)
    __aeabi_fdiv                             0x00000581   Thumb Code     0  fdiv.o(.text)
    _fdiv                                    0x00000581   Thumb Code   334  fdiv.o(.text)
    _frdiv                                   0x000006cf   Thumb Code     8  fdiv.o(.text)
    __aeabi_f2iz                             0x000006e1   Thumb Code     0  ffixi.o(.text)
    _ffix                                    0x000006e1   Thumb Code    76  ffixi.o(.text)
    __aeabi_f2uiz                            0x0000072d   Thumb Code     0  ffixui.o(.text)
    _ffixu                                   0x0000072d   Thumb Code    48  ffixui.o(.text)
    __aeabi_i2f_normalise                    0x0000075d   Thumb Code    72  fflti.o(.text)
    __aeabi_i2f                              0x000007a5   Thumb Code    16  fflti.o(.text)
    _fflt                                    0x000007a5   Thumb Code     0  fflti.o(.text)
    __aeabi_ui2f                             0x000007b5   Thumb Code     6  fflti.o(.text)
    _ffltu                                   0x000007b5   Thumb Code     0  fflti.o(.text)
    __rt_heap_descriptor                     0x000007bd   Thumb Code     8  rt_heap_descriptor_intlibspace.o(.text)
    __use_no_heap                            0x000007c5   Thumb Code     2  hguard.o(.text)
    __heap$guard                             0x000007c7   Thumb Code     2  hguard.o(.text)
    _terminate_user_alloc                    0x000007c9   Thumb Code     2  init_alloc.o(.text)
    _init_user_alloc                         0x000007cb   Thumb Code     2  init_alloc.o(.text)
    __Heap_Full                              0x000007cd   Thumb Code    32  init_alloc.o(.text)
    __Heap_Broken                            0x000007ed   Thumb Code    10  init_alloc.o(.text)
    _init_alloc                              0x000007f7   Thumb Code    90  init_alloc.o(.text)
    __Heap_Initialize                        0x00000851   Thumb Code    10  h1_init.o(.text)
    __Heap_DescSize                          0x0000085b   Thumb Code     4  h1_init.o(.text)
    _printf_pre_padding                      0x0000085f   Thumb Code    44  _printf_pad.o(.text)
    _printf_post_padding                     0x0000088b   Thumb Code    34  _printf_pad.o(.text)
    _printf_truncate_signed                  0x000008ad   Thumb Code    18  _printf_truncate.o(.text)
    _printf_truncate_unsigned                0x000008bf   Thumb Code    18  _printf_truncate.o(.text)
    _printf_str                              0x000008d1   Thumb Code    82  _printf_str.o(.text)
    _printf_int_dec                          0x00000925   Thumb Code    90  _printf_dec.o(.text)
    _printf_charcount                        0x00000991   Thumb Code    38  _printf_charcount.o(.text)
    _printf_char_common                      0x000009c3   Thumb Code    32  _printf_char_common.o(.text)
    _sputc                                   0x000009e9   Thumb Code    10  _sputc.o(.text)
    _printf_wctomb                           0x000009f5   Thumb Code   182  _printf_wctomb.o(.text)
    _printf_longlong_dec                     0x00000ab1   Thumb Code    94  _printf_longlong_dec.o(.text)
    _printf_longlong_oct                     0x00000b21   Thumb Code    68  _printf_oct_int_ll.o(.text)
    _printf_int_oct                          0x00000b65   Thumb Code    24  _printf_oct_int_ll.o(.text)
    _printf_ll_oct                           0x00000b7d   Thumb Code    10  _printf_oct_int_ll.o(.text)
    _printf_longlong_hex                     0x00000b91   Thumb Code    88  _printf_hex_int_ll_ptr.o(.text)
    _printf_int_hex                          0x00000be9   Thumb Code    28  _printf_hex_int_ll_ptr.o(.text)
    _printf_ll_hex                           0x00000c05   Thumb Code    10  _printf_hex_int_ll_ptr.o(.text)
    _printf_hex_ptr                          0x00000c0f   Thumb Code    22  _printf_hex_int_ll_ptr.o(.text)
    __printf                                 0x00000c29   Thumb Code   386  __printf_flags_ss_wp.o(.text)
    __user_libspace                          0x00000db1   Thumb Code     8  libspace.o(.text)
    __user_perproc_libspace                  0x00000db1   Thumb Code     0  libspace.o(.text)
    __user_perthread_libspace                0x00000db1   Thumb Code     0  libspace.o(.text)
    __Heap_ProvideMemory                     0x00000db9   Thumb Code    52  h1_extend.o(.text)
    _ll_udiv10                               0x00000ded   Thumb Code   122  lludiv10.o(.text)
    _printf_int_common                       0x00000e67   Thumb Code   176  _printf_intcommon.o(.text)
    __lib_sel_fp_printf                      0x00000f19   Thumb Code     2  _printf_fp_dec.o(.text)
    _printf_fp_dec_real                      0x000010b3   Thumb Code   620  _printf_fp_dec.o(.text)
    _printf_fp_hex_real                      0x0000132d   Thumb Code   714  _printf_fp_hex.o(.text)
    _printf_cs_common                        0x00001601   Thumb Code    22  _printf_char.o(.text)
    _printf_char                             0x00001617   Thumb Code    16  _printf_char.o(.text)
    _printf_string                           0x00001627   Thumb Code     8  _printf_char.o(.text)
    _printf_lcs_common                       0x0000162f   Thumb Code    22  _printf_wchar.o(.text)
    _printf_wchar                            0x00001645   Thumb Code    16  _printf_wchar.o(.text)
    _printf_wstring                          0x00001655   Thumb Code     8  _printf_wchar.o(.text)
    _wcrtomb                                 0x0000165d   Thumb Code    64  _wcrtomb.o(.text)
    __rt_SIGRTMEM                            0x0000169d   Thumb Code    12  defsig_rtmem_outer.o(.text)
    __rt_udiv10                              0x000016a9   Thumb Code    40  rtudiv10.o(.text)
    __I$use$semihosting                      0x000016d1   Thumb Code     0  use_no_semi.o(.text)
    __use_no_semihosting_swi                 0x000016d1   Thumb Code     2  use_no_semi.o(.text)
    __semihosting_library_function           0x000016d3   Thumb Code     0  indicate_semi.o(.text)
    __user_setup_stackheap                   0x000016d3   Thumb Code    62  sys_stackheap_outer.o(.text)
    __rt_ctype_table                         0x00001711   Thumb Code    16  rt_ctype_table.o(.text)
    __rt_locale                              0x00001721   Thumb Code     8  rt_locale_intlibspace.o(.text)
    _printf_fp_infnan                        0x00001729   Thumb Code   120  _printf_fp_infnan.o(.text)
    _btod_etento                             0x000017b1   Thumb Code   196  bigflt0.o(.text)
    _btod_d2e                                0x00001879   Thumb Code    64  btod.o(.text)
    _btod_emul                               0x00001c6f   Thumb Code    24  btod.o(.text)
    _btod_emuld                              0x00001c87   Thumb Code    60  btod.o(.text)
    _btod_ediv                               0x00001cc3   Thumb Code    22  btod.o(.text)
    _btod_edivd                              0x00001cd9   Thumb Code    60  btod.o(.text)
    exit                                     0x00001d21   Thumb Code    16  exit.o(.text)
    __sig_exit                               0x00001d31   Thumb Code    12  defsig_exit.o(.text)
    __rt_SIGRTMEM_inner                      0x00001d3d   Thumb Code    22  defsig_rtmem_inner.o(.text)
    _sys_exit                                0x00001d8d   Thumb Code     8  sys_exit.o(.text)
    __default_signal_display                 0x00001d99   Thumb Code    52  defsig_general.o(.text)
    strcmp                                   0x00001dcd   Thumb Code   132  strcmp.o(.text)
    _ttywrch                                 0x00001e55   Thumb Code    12  sys_wrch.o(.text)
    External_Handler                         0x00001e61   Thumb Code    38  ewbm_isr.o(i.External_Handler)
    GPIO_Init                                0x00001e8d   Thumb Code    44  ewbm_gpio.o(i.GPIO_Init)
    GPIO_SetDir                              0x00001eb9   Thumb Code   102  ewbm_gpio.o(i.GPIO_SetDir)
    GPIO_WritePin                            0x00001f1f   Thumb Code    72  ewbm_gpio.o(i.GPIO_WritePin)
    HardFault_Handler                        0x00001f69   Thumb Code    10  ewbm_isr.o(i.HardFault_Handler)
    NMI_Handler                              0x00001f89   Thumb Code     8  ewbm_isr.o(i.NMI_Handler)
    PendSV_Handler                           0x0000201d   Thumb Code     4  ewbm_isr.o(i.PendSV_Handler)
    ReadSPIbyte                              0x00002021   Thumb Code    40  wiz_init.o(i.ReadSPIbyte)
    SPI_ARM_ClockPhase                       0x00002061   Thumb Code    36  ewbm_spi_arm.o(i.SPI_ARM_ClockPhase)
    SPI_ARM_ClockPolarity                    0x00002085   Thumb Code    36  ewbm_spi_arm.o(i.SPI_ARM_ClockPolarity)
    SPI_ARM_DataSize                         0x000020a9   Thumb Code    34  ewbm_spi_arm.o(i.SPI_ARM_DataSize)
    SPI_ARM_DmaEnable                        0x000020cb   Thumb Code    62  ewbm_spi_arm.o(i.SPI_ARM_DmaEnable)
    SPI_ARM_Enable                           0x00002109   Thumb Code    22  ewbm_spi_arm.o(i.SPI_ARM_Enable)
    SPI_ARM_FrameFormat                      0x0000211f   Thumb Code    36  ewbm_spi_arm.o(i.SPI_ARM_FrameFormat)
    SPI_ARM_ModeSelect                       0x00002143   Thumb Code    48  ewbm_spi_arm.o(i.SPI_ARM_ModeSelect)
    SPI_ARM_PreScale                         0x00002173   Thumb Code    38  ewbm_spi_arm.o(i.SPI_ARM_PreScale)
    SPI_ARM_Read                             0x00002199   Thumb Code    32  ewbm_spi_arm.o(i.SPI_ARM_Read)
    SPI_ARM_Status                           0x000021bd   Thumb Code    18  ewbm_spi_arm.o(i.SPI_ARM_Status)
    SPI_ARM_Write                            0x000021cf   Thumb Code    34  ewbm_spi_arm.o(i.SPI_ARM_Write)
    SPI_ClockPhase                           0x000021f1   Thumb Code    52  ewbm_spi.o(i.SPI_ClockPhase)
    SPI_ClockPolarity                        0x00002225   Thumb Code    52  ewbm_spi.o(i.SPI_ClockPolarity)
    SPI_DataSize                             0x00002259   Thumb Code    52  ewbm_spi.o(i.SPI_DataSize)
    SPI_DmaEnable                            0x0000228d   Thumb Code    52  ewbm_spi.o(i.SPI_DmaEnable)
    SPI_EWBM_ClockPhase                      0x000022c1   Thumb Code    36  ewbm_spi_ewbm.o(i.SPI_EWBM_ClockPhase)
    SPI_EWBM_ClockPolarity                   0x000022e5   Thumb Code    36  ewbm_spi_ewbm.o(i.SPI_EWBM_ClockPolarity)
    SPI_EWBM_DataSize                        0x00002309   Thumb Code    38  ewbm_spi_ewbm.o(i.SPI_EWBM_DataSize)
    SPI_EWBM_DmaEnable                       0x0000232f   Thumb Code    62  ewbm_spi_ewbm.o(i.SPI_EWBM_DmaEnable)
    SPI_EWBM_Enable                          0x0000236d   Thumb Code    22  ewbm_spi_ewbm.o(i.SPI_EWBM_Enable)
    SPI_EWBM_FrameFormat                     0x00002383   Thumb Code    36  ewbm_spi_ewbm.o(i.SPI_EWBM_FrameFormat)
    SPI_EWBM_ModeSelect                      0x000023a7   Thumb Code    48  ewbm_spi_ewbm.o(i.SPI_EWBM_ModeSelect)
    SPI_EWBM_PreScale                        0x000023d7   Thumb Code    38  ewbm_spi_ewbm.o(i.SPI_EWBM_PreScale)
    SPI_EWBM_Read                            0x000023fd   Thumb Code    32  ewbm_spi_ewbm.o(i.SPI_EWBM_Read)
    SPI_EWBM_Status                          0x00002421   Thumb Code    18  ewbm_spi_ewbm.o(i.SPI_EWBM_Status)
    SPI_EWBM_Write                           0x00002433   Thumb Code    34  ewbm_spi_ewbm.o(i.SPI_EWBM_Write)
    SPI_Enable                               0x00002455   Thumb Code    48  ewbm_spi.o(i.SPI_Enable)
    SPI_FrameFormat                          0x00002485   Thumb Code    52  ewbm_spi.o(i.SPI_FrameFormat)
    SPI_ModeSelect                           0x000024b9   Thumb Code    52  ewbm_spi.o(i.SPI_ModeSelect)
    SPI_PreScale                             0x000024ed   Thumb Code    52  ewbm_spi.o(i.SPI_PreScale)
    SPI_Read                                 0x00002521   Thumb Code    46  ewbm_spi.o(i.SPI_Read)
    SPI_Write                                0x00002555   Thumb Code    54  ewbm_spi.o(i.SPI_Write)
    SVC_Handler                              0x0000258b   Thumb Code     4  ewbm_isr.o(i.SVC_Handler)
    SysTick_Handler                          0x000025c5   Thumb Code    24  ewbm_isr.o(i.SysTick_Handler)
    SystemInit                               0x000025e1   Thumb Code    40  system_ewbm.o(i.SystemInit)
    UART_DisableFifo                         0x00002611   Thumb Code    34  ewbm_uart.o(i.UART_DisableFifo)
    UART_EnableFifo                          0x00002633   Thumb Code    52  ewbm_uart.o(i.UART_EnableFifo)
    UART_EnableInterrupt                     0x00002669   Thumb Code   212  ewbm_uart.o(i.UART_EnableInterrupt)
    UART_EnableUart                          0x00002759   Thumb Code   104  ewbm_uart.o(i.UART_EnableUart)
    UART_Init                                0x000027c1   Thumb Code   140  ewbm_uart.o(i.UART_Init)
    UART_PrintInit                           0x00002855   Thumb Code    22  ewbm_uart.o(i.UART_PrintInit)
    UART_Printf                              0x00002875   Thumb Code   116  ewbm_uart.o(i.UART_Printf)
    UART_ReceiveChar                         0x000028f1   Thumb Code    38  ewbm_uart.o(i.UART_ReceiveChar)
    UART_SetBaudRate                         0x00002919   Thumb Code   160  ewbm_uart.o(i.UART_SetBaudRate)
    UART_SetWordLength                       0x000029c5   Thumb Code    40  ewbm_uart.o(i.UART_SetWordLength)
    UART_Transmit                            0x000029ed   Thumb Code   104  ewbm_uart.o(i.UART_Transmit)
    W5500_Deselect                           0x00002a55   Thumb Code    34  wiz_init.o(i.W5500_Deselect)
    W5500_Init                               0x00002a95   Thumb Code    88  wiz_init.o(i.W5500_Init)
    W5500_Select                             0x00002b39   Thumb Code    34  wiz_init.o(i.W5500_Select)
    WIZCHIP_READ                             0x00002b79   Thumb Code   132  w5500.o(i.WIZCHIP_READ)
    WIZCHIP_READ_BUF                         0x00002c01   Thumb Code   156  w5500.o(i.WIZCHIP_READ_BUF)
    WIZCHIP_WRITE                            0x00002ca1   Thumb Code   128  w5500.o(i.WIZCHIP_WRITE)
    WIZCHIP_WRITE_BUF                        0x00002d25   Thumb Code   150  w5500.o(i.WIZCHIP_WRITE_BUF)
    WriteSPIbyte                             0x00002dc1   Thumb Code    40  wiz_init.o(i.WriteSPIbyte)
    __ARM_common_ll_muluu                    0x00002e01   Thumb Code    48  btod.o(i.__ARM_common_ll_muluu)
    __ARM_common_switch8                     0x00002e31   Thumb Code    28  ewbm_dma.o(i.__ARM_common_switch8)
    __ARM_fpclassify                         0x00002e4d   Thumb Code    40  fpclassify.o(i.__ARM_fpclassify)
    __io_delay                               0x00002e79   Thumb Code    14  ewbm_delay.o(i.__io_delay)
    __m_delay                                0x00002e87   Thumb Code    24  ewbm_delay.o(i.__m_delay)
    _is_digit                                0x00002e9f   Thumb Code    14  __printf_wp.o(i._is_digit)
    checksum                                 0x00002ead   Thumb Code    80  ping.o(i.checksum)
    clock_init                               0x00002efd   Thumb Code    52  ewbm_clock.o(i.clock_init)
    close                                    0x00002fa1   Thumb Code   138  socket.o(i.close)
    ctlnetwork                               0x0000303d   Thumb Code    80  wizchip_conf.o(i.ctlnetwork)
    ctlwizchip                               0x0000308d   Thumb Code   270  wizchip_conf.o(i.ctlwizchip)
    disconnect                               0x000031a1   Thumb Code   176  socket.o(i.disconnect)
    external_isr_clear                       0x00003259   Thumb Code    38  ewbm_isr.o(i.external_isr_clear)
    external_isr_init                        0x00003285   Thumb Code    38  ewbm_isr.o(i.external_isr_init)
    external_isr_set                         0x000032b1   Thumb Code    70  ewbm_isr.o(i.external_isr_set)
    getSn_RX_RSR                             0x00003305   Thumb Code   110  w5500.o(i.getSn_RX_RSR)
    getSn_TX_FSR                             0x00003373   Thumb Code   110  w5500.o(i.getSn_TX_FSR)
    get_system_jitter                        0x000033e1   Thumb Code     6  ewbm_isr.o(i.get_system_jitter)
    gpio_all_low                             0x000033ed   Thumb Code   186  main.o(i.gpio_all_low)
    htons                                    0x000034dd   Thumb Code    16  ping.o(i.htons)
    listen                                   0x000034ed   Thumb Code   150  socket.o(i.listen)
    main                                     0x00003585   Thumb Code   186  main.o(i.main)
    padmux_init                              0x00003685   Thumb Code   150  ewbm_padmux.o(i.padmux_init)
    ping_auto                                0x00003819   Thumb Code   254  ping.o(i.ping_auto)
    ping_client_test                         0x0000398d   Thumb Code   116  main.o(i.ping_client_test)
    ping_reply                               0x00003a25   Thumb Code   458  ping.o(i.ping_reply)
    ping_request                             0x00003c91   Thumb Code   226  ping.o(i.ping_request)
    recv                                     0x00003f41   Thumb Code   284  socket.o(i.recv)
    recvfrom                                 0x00004061   Thumb Code   602  socket.o(i.recvfrom)
    reg_wizchip_cs_cbfunc                    0x000042d1   Thumb Code    30  wizchip_conf.o(i.reg_wizchip_cs_cbfunc)
    reg_wizchip_spi_cbfunc                   0x000042fd   Thumb Code    46  wizchip_conf.o(i.reg_wizchip_spi_cbfunc)
    runServer                                0x00004339   Thumb Code   348  main.o(i.runServer)
    send                                     0x000045ad   Thumb Code   366  socket.o(i.send)
    sendto                                   0x00004725   Thumb Code   528  socket.o(i.sendto)
    socket                                   0x00004939   Thumb Code   386  socket.o(i.socket)
    spi_gpio_init                            0x00004ad5   Thumb Code   128  main.o(i.spi_gpio_init)
    uart_get_int_mask                        0x00004b8d   Thumb Code    52  ewbm_uart.o(i.uart_get_int_mask)
    wait_1ms                                 0x00004c89   Thumb Code    24  ping.o(i.wait_1ms)
    wait_1us                                 0x00004ca1   Thumb Code    12  ping.o(i.wait_1us)
    wiz_recv_data                            0x00004cad   Thumb Code   134  w5500.o(i.wiz_recv_data)
    wiz_recv_ignore                          0x00004d33   Thumb Code    96  w5500.o(i.wiz_recv_ignore)
    wiz_send_data                            0x00004d93   Thumb Code   134  w5500.o(i.wiz_send_data)
    wizchip_bus_readdata                     0x00004e19   Thumb Code     6  wizchip_conf.o(i.wizchip_bus_readdata)
    wizchip_bus_writedata                    0x00004e1f   Thumb Code     4  wizchip_conf.o(i.wizchip_bus_writedata)
    wizchip_clrinterrupt                     0x00004e23   Thumb Code    34  wizchip_conf.o(i.wizchip_clrinterrupt)
    wizchip_cris_enter                       0x00004e45   Thumb Code     2  wizchip_conf.o(i.wizchip_cris_enter)
    wizchip_cris_exit                        0x00004e47   Thumb Code     2  wizchip_conf.o(i.wizchip_cris_exit)
    wizchip_cs_deselect                      0x00004e49   Thumb Code     2  wizchip_conf.o(i.wizchip_cs_deselect)
    wizchip_cs_select                        0x00004e4b   Thumb Code     2  wizchip_conf.o(i.wizchip_cs_select)
    wizchip_getinterrupt                     0x00004e4d   Thumb Code    44  wizchip_conf.o(i.wizchip_getinterrupt)
    wizchip_getinterruptmask                 0x00004e79   Thumb Code    40  wizchip_conf.o(i.wizchip_getinterruptmask)
    wizchip_getnetinfo                       0x00004ea1   Thumb Code    82  wizchip_conf.o(i.wizchip_getnetinfo)
    wizchip_getnetmode                       0x00004efd   Thumb Code    10  wizchip_conf.o(i.wizchip_getnetmode)
    wizchip_gettimeout                       0x00004f07   Thumb Code    38  wizchip_conf.o(i.wizchip_gettimeout)
    wizchip_init                             0x00004f2d   Thumb Code   144  wizchip_conf.o(i.wizchip_init)
    wizchip_setinterruptmask                 0x00004fbd   Thumb Code    30  wizchip_conf.o(i.wizchip_setinterruptmask)
    wizchip_setnetinfo                       0x00004fdd   Thumb Code    80  wizchip_conf.o(i.wizchip_setnetinfo)
    wizchip_setnetmode                       0x00005035   Thumb Code    46  wizchip_conf.o(i.wizchip_setnetmode)
    wizchip_settimeout                       0x00005063   Thumb Code    38  wizchip_conf.o(i.wizchip_settimeout)
    wizchip_spi_readbyte                     0x00005089   Thumb Code     4  wizchip_conf.o(i.wizchip_spi_readbyte)
    wizchip_spi_writebyte                    0x0000508d   Thumb Code     2  wizchip_conf.o(i.wizchip_spi_writebyte)
    wizchip_sw_reset                         0x0000508f   Thumb Code   114  wizchip_conf.o(i.wizchip_sw_reset)
    wizphy_getphyconf                        0x00005101   Thumb Code   122  wizchip_conf.o(i.wizphy_getphyconf)
    wizphy_getphylink                        0x0000517b   Thumb Code    28  wizchip_conf.o(i.wizphy_getphylink)
    wizphy_getphypmode                       0x00005197   Thumb Code    30  wizchip_conf.o(i.wizphy_getphypmode)
    wizphy_reset                             0x000051b5   Thumb Code    56  wizchip_conf.o(i.wizphy_reset)
    wizphy_setphyconf                        0x000051ed   Thumb Code    92  wizchip_conf.o(i.wizphy_setphyconf)
    wizphy_setphypmode                       0x00005249   Thumb Code   108  wizchip_conf.o(i.wizphy_setphypmode)
    _get_lc_numeric                          0x000052b5   Thumb Code    44  lc_numeric_c.o(locale$$code)
    _get_lc_ctype                            0x000052e1   Thumb Code    44  lc_ctype_c.o(locale$$code)
    __aeabi_fadd                             0x0000530d   Thumb Code     0  faddsub.o(x$fpl$fadd)
    _fadd                                    0x0000530d   Thumb Code   134  faddsub.o(x$fpl$fadd)
    __aeabi_fmul                             0x00005399   Thumb Code     0  fmul.o(x$fpl$fmul)
    _fmul                                    0x00005399   Thumb Code   172  fmul.o(x$fpl$fmul)
    __aeabi_fsub                             0x00005449   Thumb Code     0  faddsub.o(x$fpl$fsub)
    _fsub                                    0x00005449   Thumb Code   204  faddsub.o(x$fpl$fsub)
    _printf_fp_dec                           0x00005519   Thumb Code    16  printf1.o(x$fpl$printf1)
    _printf_fp_hex                           0x00005529   Thumb Code    16  printf2.o(x$fpl$printf2)
    __I$use$fp                               0x00005538   Number         0  usenofp.o(x$fpl$usenofp)
    Region$$Table$$Base                      0x00005920   Number         0  anon$$obj.o(Region$$Table)
    Region$$Table$$Limit                     0x00005940   Number         0  anon$$obj.o(Region$$Table)
    __ctype                                  0x00005969   Data           0  lc_ctype_c.o(locale$$data)
    SystemCoreClock                          0x2000000c   Data           4  system_ewbm.o(.data)
    gpioHandle                               0x20000010   Data           8  main.o(.data)
    rx                                       0x20000018   Data           1  main.o(.data)
    rxBuf                                    0x20000030   Data           5  main.o(.data)
    sock_pack_info                           0x2000003c   Data           8  socket.o(.data)
    DEFAULT_MAC                              0x20000044   Data           6  wiz_init.o(.data)
    DEFAULT_SUB                              0x2000004a   Data           4  wiz_init.o(.data)
    DEFAULT_LIP                              0x2000004e   Data           4  wiz_init.o(.data)
    DEFAULT_GW                               0x20000052   Data           4  wiz_init.o(.data)
    WIZCHIP                                  0x20000058   Data          40  wizchip_conf.o(.data)
    ping_reply_received                      0x2000008a   Data           1  ping.o(.data)
    req                                      0x2000008b   Data           1  ping.o(.data)
    rep                                      0x2000008c   Data           1  ping.o(.data)
    spiHandle                                0x200001a0   Data          16  main.o(.bss)
    uartHandle                               0x200001b0   Data          16  main.o(.bss)
    pnetinfo2                                0x200001c0   Data          23  main.o(.bss)
    pnetinfo3                                0x200001d7   Data          23  main.o(.bss)
    PingRequest                              0x200001fe   Data          40  ping.o(.bss)
    PingReply                                0x20000226   Data          40  ping.o(.bss)
    __libspace_start                         0x20000250   Data          96  libspace.o(.bss)
    __temporary_stack_top$libspace           0x200002b0   Data           0  libspace.o(.bss)



==============================================================================

Memory Map of the image

  Image Entry point : 0x000000b1

  Load Region LR_IROM1 (Base: 0x00000000, Size: 0x00005afc, Max: 0x00080000, ABSOLUTE)

    Execution Region ER_IROM1 (Base: 0x00000000, Size: 0x00005a6c, Max: 0x00080000, ABSOLUTE)

    Base Addr    Size         Type   Attr      Idx    E Section Name        Object

    0x00000000   0x000000b0   Data   RO         2123    RESET               startup_armcc_armcm0.o
    0x000000b0   0x00000008   Code   RO         2739  * !!!main             c_p.l(__main.o)
    0x000000b8   0x0000003c   Code   RO         3117    !!!scatter          c_p.l(__scatter.o)
    0x000000f4   0x0000001a   Code   RO         3119    !!handler_copy      c_p.l(__scatter_copy.o)
    0x0000010e   0x00000002   PAD
    0x00000110   0x0000001c   Code   RO         3121    !!handler_zi        c_p.l(__scatter_zi.o)
    0x0000012c   0x00000002   Code   RO         2871    .ARM.Collect$$_printf_percent$$00000000  c_p.l(_printf_percent.o)
    0x0000012e   0x0000000a   Code   RO         2860    .ARM.Collect$$_printf_percent$$00000001  c_p.l(_printf_n.o)
    0x00000138   0x0000000a   Code   RO         2862    .ARM.Collect$$_printf_percent$$00000002  c_p.l(_printf_p.o)
    0x00000142   0x0000000a   Code   RO         2867    .ARM.Collect$$_printf_percent$$00000003  c_p.l(_printf_f.o)
    0x0000014c   0x0000000a   Code   RO         2868    .ARM.Collect$$_printf_percent$$00000004  c_p.l(_printf_e.o)
    0x00000156   0x0000000a   Code   RO         2869    .ARM.Collect$$_printf_percent$$00000005  c_p.l(_printf_g.o)
    0x00000160   0x0000000a   Code   RO         2870    .ARM.Collect$$_printf_percent$$00000006  c_p.l(_printf_a.o)
    0x0000016a   0x0000000a   Code   RO         2875    .ARM.Collect$$_printf_percent$$00000007  c_p.l(_printf_ll.o)
    0x00000174   0x0000000a   Code   RO         2864    .ARM.Collect$$_printf_percent$$00000008  c_p.l(_printf_i.o)
    0x0000017e   0x0000000a   Code   RO         2865    .ARM.Collect$$_printf_percent$$00000009  c_p.l(_printf_d.o)
    0x00000188   0x0000000a   Code   RO         2866    .ARM.Collect$$_printf_percent$$0000000A  c_p.l(_printf_u.o)
    0x00000192   0x0000000a   Code   RO         2863    .ARM.Collect$$_printf_percent$$0000000B  c_p.l(_printf_o.o)
    0x0000019c   0x0000000a   Code   RO         2861    .ARM.Collect$$_printf_percent$$0000000C  c_p.l(_printf_x.o)
    0x000001a6   0x0000000a   Code   RO         2872    .ARM.Collect$$_printf_percent$$0000000D  c_p.l(_printf_lli.o)
    0x000001b0   0x0000000a   Code   RO         2873    .ARM.Collect$$_printf_percent$$0000000E  c_p.l(_printf_lld.o)
    0x000001ba   0x0000000a   Code   RO         2874    .ARM.Collect$$_printf_percent$$0000000F  c_p.l(_printf_llu.o)
    0x000001c4   0x0000000a   Code   RO         2879    .ARM.Collect$$_printf_percent$$00000010  c_p.l(_printf_llo.o)
    0x000001ce   0x0000000a   Code   RO         2880    .ARM.Collect$$_printf_percent$$00000011  c_p.l(_printf_llx.o)
    0x000001d8   0x0000000a   Code   RO         2876    .ARM.Collect$$_printf_percent$$00000012  c_p.l(_printf_l.o)
    0x000001e2   0x0000000a   Code   RO         2858    .ARM.Collect$$_printf_percent$$00000013  c_p.l(_printf_c.o)
    0x000001ec   0x0000000a   Code   RO         2859    .ARM.Collect$$_printf_percent$$00000014  c_p.l(_printf_s.o)
    0x000001f6   0x0000000a   Code   RO         2877    .ARM.Collect$$_printf_percent$$00000015  c_p.l(_printf_lc.o)
    0x00000200   0x0000000a   Code   RO         2878    .ARM.Collect$$_printf_percent$$00000016  c_p.l(_printf_ls.o)
    0x0000020a   0x00000004   Code   RO         2982    .ARM.Collect$$_printf_percent$$00000017  c_p.l(_printf_percent_end.o)
    0x0000020e   0x00000002   Code   RO         3046    .ARM.Collect$$libinit$$00000000  c_p.l(libinit.o)
    0x00000210   0x00000000   Code   RO         2884    .ARM.Collect$$libinit$$00000002  c_p.l(libinit2.o)
    0x00000210   0x00000000   Code   RO         2886    .ARM.Collect$$libinit$$00000004  c_p.l(libinit2.o)
    0x00000210   0x00000008   Code   RO         2887    .ARM.Collect$$libinit$$00000005  c_p.l(libinit2.o)
    0x00000218   0x00000000   Code   RO         2889    .ARM.Collect$$libinit$$0000000A  c_p.l(libinit2.o)
    0x00000218   0x00000000   Code   RO         2891    .ARM.Collect$$libinit$$0000000C  c_p.l(libinit2.o)
    0x00000218   0x00000000   Code   RO         2893    .ARM.Collect$$libinit$$0000000E  c_p.l(libinit2.o)
    0x00000218   0x00000006   Code   RO         2894    .ARM.Collect$$libinit$$0000000F  c_p.l(libinit2.o)
    0x0000021e   0x00000000   Code   RO         2896    .ARM.Collect$$libinit$$00000011  c_p.l(libinit2.o)
    0x0000021e   0x0000000c   Code   RO         2897    .ARM.Collect$$libinit$$00000012  c_p.l(libinit2.o)
    0x0000022a   0x00000000   Code   RO         2898    .ARM.Collect$$libinit$$00000013  c_p.l(libinit2.o)
    0x0000022a   0x00000000   Code   RO         2900    .ARM.Collect$$libinit$$00000015  c_p.l(libinit2.o)
    0x0000022a   0x0000000a   Code   RO         2901    .ARM.Collect$$libinit$$00000016  c_p.l(libinit2.o)
    0x00000234   0x00000000   Code   RO         2902    .ARM.Collect$$libinit$$00000017  c_p.l(libinit2.o)
    0x00000234   0x00000000   Code   RO         2904    .ARM.Collect$$libinit$$00000019  c_p.l(libinit2.o)
    0x00000234   0x00000000   Code   RO         2906    .ARM.Collect$$libinit$$0000001B  c_p.l(libinit2.o)
    0x00000234   0x00000000   Code   RO         2908    .ARM.Collect$$libinit$$0000001D  c_p.l(libinit2.o)
    0x00000234   0x00000000   Code   RO         2910    .ARM.Collect$$libinit$$0000001F  c_p.l(libinit2.o)
    0x00000234   0x00000000   Code   RO         2912    .ARM.Collect$$libinit$$00000021  c_p.l(libinit2.o)
    0x00000234   0x00000000   Code   RO         2914    .ARM.Collect$$libinit$$00000023  c_p.l(libinit2.o)
    0x00000234   0x00000000   Code   RO         2916    .ARM.Collect$$libinit$$00000025  c_p.l(libinit2.o)
    0x00000234   0x00000000   Code   RO         2920    .ARM.Collect$$libinit$$0000002C  c_p.l(libinit2.o)
    0x00000234   0x00000000   Code   RO         2922    .ARM.Collect$$libinit$$0000002E  c_p.l(libinit2.o)
    0x00000234   0x00000000   Code   RO         2924    .ARM.Collect$$libinit$$00000030  c_p.l(libinit2.o)
    0x00000234   0x00000000   Code   RO         2926    .ARM.Collect$$libinit$$00000032  c_p.l(libinit2.o)
    0x00000234   0x00000002   Code   RO         2927    .ARM.Collect$$libinit$$00000033  c_p.l(libinit2.o)
    0x00000236   0x00000002   Code   RO         3114    .ARM.Collect$$libshutdown$$00000000  c_p.l(libshutdown.o)
    0x00000238   0x00000000   Code   RO         3072    .ARM.Collect$$libshutdown$$00000002  c_p.l(libshutdown2.o)
    0x00000238   0x00000000   Code   RO         3074    .ARM.Collect$$libshutdown$$00000004  c_p.l(libshutdown2.o)
    0x00000238   0x00000000   Code   RO         3077    .ARM.Collect$$libshutdown$$00000007  c_p.l(libshutdown2.o)
    0x00000238   0x00000000   Code   RO         3080    .ARM.Collect$$libshutdown$$0000000A  c_p.l(libshutdown2.o)
    0x00000238   0x00000000   Code   RO         3082    .ARM.Collect$$libshutdown$$0000000C  c_p.l(libshutdown2.o)
    0x00000238   0x00000000   Code   RO         3085    .ARM.Collect$$libshutdown$$0000000F  c_p.l(libshutdown2.o)
    0x00000238   0x00000002   Code   RO         3086    .ARM.Collect$$libshutdown$$00000010  c_p.l(libshutdown2.o)
    0x0000023a   0x00000000   Code   RO         2760    .ARM.Collect$$rtentry$$00000000  c_p.l(__rtentry.o)
    0x0000023a   0x00000000   Code   RO         2943    .ARM.Collect$$rtentry$$00000002  c_p.l(__rtentry2.o)
    0x0000023a   0x00000006   Code   RO         2955    .ARM.Collect$$rtentry$$00000004  c_p.l(__rtentry4.o)
    0x00000240   0x00000000   Code   RO         2945    .ARM.Collect$$rtentry$$00000009  c_p.l(__rtentry2.o)
    0x00000240   0x00000004   Code   RO         2946    .ARM.Collect$$rtentry$$0000000A  c_p.l(__rtentry2.o)
    0x00000244   0x00000000   Code   RO         2948    .ARM.Collect$$rtentry$$0000000C  c_p.l(__rtentry2.o)
    0x00000244   0x00000008   Code   RO         2949    .ARM.Collect$$rtentry$$0000000D  c_p.l(__rtentry2.o)
    0x0000024c   0x00000002   Code   RO         3054    .ARM.Collect$$rtexit$$00000000  c_p.l(rtexit.o)
    0x0000024e   0x00000000   Code   RO         3090    .ARM.Collect$$rtexit$$00000002  c_p.l(rtexit2.o)
    0x0000024e   0x00000004   Code   RO         3091    .ARM.Collect$$rtexit$$00000003  c_p.l(rtexit2.o)
    0x00000252   0x00000006   Code   RO         3092    .ARM.Collect$$rtexit$$00000004  c_p.l(rtexit2.o)
    0x00000258   0x00000038   Code   RO         2727    .emb_text           c_p.l(rt_memcpy.o)
    0x00000290   0x00000000   Code   RO         2961    .emb_text           c_p.l(maybetermalloc1.o)
    0x00000290   0x00000038   Code   RO         2124    .text               startup_armcc_armcm0.o
    0x000002c8   0x00000062   Code   RO         2665    .text               c_p.l(h1_alloc.o)
    0x0000032a   0x0000004c   Code   RO         2667    .text               c_p.l(h1_free.o)
    0x00000376   0x00000002   PAD
    0x00000378   0x00000024   Code   RO         2723    .text               c_p.l(vsprintf.o)
    0x0000039c   0x00000044   Code   RO         2725    .text               c_p.l(strlen.o)
    0x000003e0   0x00000040   Code   RO         2731    .text               c_p.l(rt_memclr.o)
    0x00000420   0x0000015a   Code   RO         2733    .text               c_p.l(aeabi_sdiv.o)
    0x0000057a   0x00000006   Code   RO         2737    .text               c_p.l(heapauxi.o)
    0x00000580   0x00000160   Code   RO         2747    .text               fz_ps.l(fdiv.o)
    0x000006e0   0x0000004c   Code   RO         2750    .text               fz_ps.l(ffixi.o)
    0x0000072c   0x00000030   Code   RO         2752    .text               fz_ps.l(ffixui.o)
    0x0000075c   0x0000005e   Code   RO         2754    .text               fz_ps.l(fflti.o)
    0x000007ba   0x00000002   PAD
    0x000007bc   0x00000008   Code   RO         2768    .text               c_p.l(rt_heap_descriptor_intlibspace.o)
    0x000007c4   0x00000004   Code   RO         2770    .text               c_p.l(hguard.o)
    0x000007c8   0x00000088   Code   RO         2772    .text               c_p.l(init_alloc.o)
    0x00000850   0x0000000e   Code   RO         2776    .text               c_p.l(h1_init.o)
    0x0000085e   0x0000004e   Code   RO         2792    .text               c_p.l(_printf_pad.o)
    0x000008ac   0x00000024   Code   RO         2794    .text               c_p.l(_printf_truncate.o)
    0x000008d0   0x00000052   Code   RO         2796    .text               c_p.l(_printf_str.o)
    0x00000922   0x00000002   PAD
    0x00000924   0x0000006c   Code   RO         2798    .text               c_p.l(_printf_dec.o)
    0x00000990   0x00000026   Code   RO         2800    .text               c_p.l(_printf_charcount.o)
    0x000009b6   0x00000002   PAD
    0x000009b8   0x00000030   Code   RO         2802    .text               c_p.l(_printf_char_common.o)
    0x000009e8   0x0000000a   Code   RO         2804    .text               c_p.l(_sputc.o)
    0x000009f2   0x00000002   PAD
    0x000009f4   0x000000bc   Code   RO         2806    .text               c_p.l(_printf_wctomb.o)
    0x00000ab0   0x00000070   Code   RO         2809    .text               c_p.l(_printf_longlong_dec.o)
    0x00000b20   0x00000070   Code   RO         2815    .text               c_p.l(_printf_oct_int_ll.o)
    0x00000b90   0x00000098   Code   RO         2835    .text               c_p.l(_printf_hex_int_ll_ptr.o)
    0x00000c28   0x00000188   Code   RO         2855    .text               c_p.l(__printf_flags_ss_wp.o)
    0x00000db0   0x00000008   Code   RO         2939    .text               c_p.l(libspace.o)
    0x00000db8   0x00000034   Code   RO         2963    .text               c_p.l(h1_extend.o)
    0x00000dec   0x0000007a   Code   RO         2967    .text               c_p.l(lludiv10.o)
    0x00000e66   0x000000b0   Code   RO         2969    .text               c_p.l(_printf_intcommon.o)
    0x00000f16   0x00000002   PAD
    0x00000f18   0x00000414   Code   RO         2971    .text               c_p.l(_printf_fp_dec.o)
    0x0000132c   0x000002d4   Code   RO         2973    .text               c_p.l(_printf_fp_hex.o)
    0x00001600   0x0000002e   Code   RO         2978    .text               c_p.l(_printf_char.o)
    0x0000162e   0x0000002e   Code   RO         2980    .text               c_p.l(_printf_wchar.o)
    0x0000165c   0x00000040   Code   RO         2983    .text               c_p.l(_wcrtomb.o)
    0x0000169c   0x0000000c   Code   RO         2985    .text               c_p.l(defsig_rtmem_outer.o)
    0x000016a8   0x00000028   Code   RO         2989    .text               c_p.l(rtudiv10.o)
    0x000016d0   0x00000002   Code   RO         2998    .text               c_p.l(use_no_semi.o)
    0x000016d2   0x00000000   Code   RO         3000    .text               c_p.l(indicate_semi.o)
    0x000016d2   0x0000003e   Code   RO         3001    .text               c_p.l(sys_stackheap_outer.o)
    0x00001710   0x00000010   Code   RO         3004    .text               c_p.l(rt_ctype_table.o)
    0x00001720   0x00000008   Code   RO         3011    .text               c_p.l(rt_locale_intlibspace.o)
    0x00001728   0x00000088   Code   RO         3015    .text               c_p.l(_printf_fp_infnan.o)
    0x000017b0   0x000000c8   Code   RO         3017    .text               c_p.l(bigflt0.o)
    0x00001878   0x000004a8   Code   RO         3020    .text               c_p.l(btod.o)
    0x00001d20   0x00000010   Code   RO         3027    .text               c_p.l(exit.o)
    0x00001d30   0x0000000c   Code   RO         3029    .text               c_p.l(defsig_exit.o)
    0x00001d3c   0x00000050   Code   RO         3035    .text               c_p.l(defsig_rtmem_inner.o)
    0x00001d8c   0x0000000c   Code   RO         3051    .text               c_p.l(sys_exit.o)
    0x00001d98   0x00000034   Code   RO         3065    .text               c_p.l(defsig_general.o)
    0x00001dcc   0x00000088   Code   RO         3069    .text               c_p.l(strcmp.o)
    0x00001e54   0x0000000c   Code   RO         3087    .text               c_p.l(sys_wrch.o)
    0x00001e60   0x0000002c   Code   RO         1835    i.External_Handler  ewbm_isr.o
    0x00001e8c   0x0000002c   Code   RO          245    i.GPIO_Init         ewbm_gpio.o
    0x00001eb8   0x00000066   Code   RO          256    i.GPIO_SetDir       ewbm_gpio.o
    0x00001f1e   0x00000048   Code   RO          259    i.GPIO_WritePin     ewbm_gpio.o
    0x00001f66   0x00000002   PAD
    0x00001f68   0x00000020   Code   RO         1836    i.HardFault_Handler  ewbm_isr.o
    0x00001f88   0x00000008   Code   RO         1838    i.NMI_Handler       ewbm_isr.o
    0x00001f90   0x00000014   Code   RO         1839    i.NVIC_DisableIRQ   ewbm_isr.o
    0x00001fa4   0x00000078   Code   RO         1982    i.NVIC_SetPriority  system_ewbm.o
    0x0000201c   0x00000004   Code   RO         1840    i.PendSV_Handler    ewbm_isr.o
    0x00002020   0x00000040   Code   RO         2285    i.ReadSPIbyte       wiz_init.o
    0x00002060   0x00000024   Code   RO         1158    i.SPI_ARM_ClockPhase  ewbm_spi_arm.o
    0x00002084   0x00000024   Code   RO         1159    i.SPI_ARM_ClockPolarity  ewbm_spi_arm.o
    0x000020a8   0x00000022   Code   RO         1160    i.SPI_ARM_DataSize  ewbm_spi_arm.o
    0x000020ca   0x0000003e   Code   RO         1165    i.SPI_ARM_DmaEnable  ewbm_spi_arm.o
    0x00002108   0x00000016   Code   RO         1166    i.SPI_ARM_Enable    ewbm_spi_arm.o
    0x0000211e   0x00000024   Code   RO         1168    i.SPI_ARM_FrameFormat  ewbm_spi_arm.o
    0x00002142   0x00000030   Code   RO         1174    i.SPI_ARM_ModeSelect  ewbm_spi_arm.o
    0x00002172   0x00000026   Code   RO         1175    i.SPI_ARM_PreScale  ewbm_spi_arm.o
    0x00002198   0x00000024   Code   RO         1176    i.SPI_ARM_Read      ewbm_spi_arm.o
    0x000021bc   0x00000012   Code   RO         1178    i.SPI_ARM_Status    ewbm_spi_arm.o
    0x000021ce   0x00000022   Code   RO         1179    i.SPI_ARM_Write     ewbm_spi_arm.o
    0x000021f0   0x00000034   Code   RO          985    i.SPI_ClockPhase    ewbm_spi.o
    0x00002224   0x00000034   Code   RO          986    i.SPI_ClockPolarity  ewbm_spi.o
    0x00002258   0x00000034   Code   RO          987    i.SPI_DataSize      ewbm_spi.o
    0x0000228c   0x00000034   Code   RO          992    i.SPI_DmaEnable     ewbm_spi.o
    0x000022c0   0x00000024   Code   RO         1304    i.SPI_EWBM_ClockPhase  ewbm_spi_ewbm.o
    0x000022e4   0x00000024   Code   RO         1305    i.SPI_EWBM_ClockPolarity  ewbm_spi_ewbm.o
    0x00002308   0x00000026   Code   RO         1306    i.SPI_EWBM_DataSize  ewbm_spi_ewbm.o
    0x0000232e   0x0000003e   Code   RO         1311    i.SPI_EWBM_DmaEnable  ewbm_spi_ewbm.o
    0x0000236c   0x00000016   Code   RO         1312    i.SPI_EWBM_Enable   ewbm_spi_ewbm.o
    0x00002382   0x00000024   Code   RO         1314    i.SPI_EWBM_FrameFormat  ewbm_spi_ewbm.o
    0x000023a6   0x00000030   Code   RO         1319    i.SPI_EWBM_ModeSelect  ewbm_spi_ewbm.o
    0x000023d6   0x00000026   Code   RO         1320    i.SPI_EWBM_PreScale  ewbm_spi_ewbm.o
    0x000023fc   0x00000024   Code   RO         1321    i.SPI_EWBM_Read     ewbm_spi_ewbm.o
    0x00002420   0x00000012   Code   RO         1323    i.SPI_EWBM_Status   ewbm_spi_ewbm.o
    0x00002432   0x00000022   Code   RO         1324    i.SPI_EWBM_Write    ewbm_spi_ewbm.o
    0x00002454   0x00000030   Code   RO          993    i.SPI_Enable        ewbm_spi.o
    0x00002484   0x00000034   Code   RO          995    i.SPI_FrameFormat   ewbm_spi.o
    0x000024b8   0x00000034   Code   RO         1000    i.SPI_ModeSelect    ewbm_spi.o
    0x000024ec   0x00000034   Code   RO         1001    i.SPI_PreScale      ewbm_spi.o
    0x00002520   0x00000034   Code   RO         1002    i.SPI_Read          ewbm_spi.o
    0x00002554   0x00000036   Code   RO         1007    i.SPI_Write         ewbm_spi.o
    0x0000258a   0x00000004   Code   RO         1841    i.SVC_Handler       ewbm_isr.o
    0x0000258e   0x00000002   PAD
    0x00002590   0x00000034   Code   RO         1983    i.SysTick_Config    system_ewbm.o
    0x000025c4   0x0000001c   Code   RO         1842    i.SysTick_Handler   ewbm_isr.o
    0x000025e0   0x00000030   Code   RO         1985    i.SystemInit        system_ewbm.o
    0x00002610   0x00000022   Code   RO         1446    i.UART_DisableFifo  ewbm_uart.o
    0x00002632   0x00000034   Code   RO         1450    i.UART_EnableFifo   ewbm_uart.o
    0x00002666   0x00000002   PAD
    0x00002668   0x000000f0   Code   RO         1451    i.UART_EnableInterrupt  ewbm_uart.o
    0x00002758   0x00000068   Code   RO         1452    i.UART_EnableUart   ewbm_uart.o
    0x000027c0   0x00000094   Code   RO         1458    i.UART_Init         ewbm_uart.o
    0x00002854   0x00000020   Code   RO         1460    i.UART_PrintInit    ewbm_uart.o
    0x00002874   0x0000007c   Code   RO         1461    i.UART_Printf       ewbm_uart.o
    0x000028f0   0x00000026   Code   RO         1463    i.UART_ReceiveChar  ewbm_uart.o
    0x00002916   0x00000002   PAD
    0x00002918   0x000000ac   Code   RO         1465    i.UART_SetBaudRate  ewbm_uart.o
    0x000029c4   0x00000028   Code   RO         1466    i.UART_SetWordLength  ewbm_uart.o
    0x000029ec   0x00000068   Code   RO         1467    i.UART_Transmit     ewbm_uart.o
    0x00002a54   0x00000040   Code   RO         2286    i.W5500_Deselect    wiz_init.o
    0x00002a94   0x00000094   Code   RO         2287    i.W5500_Init        wiz_init.o
    0x00002b28   0x00000010   Code   RO         2027    i.W5500_NetConfiguration  main.o
    0x00002b38   0x00000040   Code   RO         2288    i.W5500_Select      wiz_init.o
    0x00002b78   0x00000088   Code   RO         2220    i.WIZCHIP_READ      w5500.o
    0x00002c00   0x000000a0   Code   RO         2221    i.WIZCHIP_READ_BUF  w5500.o
    0x00002ca0   0x00000084   Code   RO         2222    i.WIZCHIP_WRITE     w5500.o
    0x00002d24   0x0000009c   Code   RO         2223    i.WIZCHIP_WRITE_BUF  w5500.o
    0x00002dc0   0x00000040   Code   RO         2289    i.WriteSPIbyte      wiz_init.o
    0x00002e00   0x00000030   Code   RO         3022    i.__ARM_common_ll_muluu  c_p.l(btod.o)
    0x00002e30   0x0000001c   Code   RO          223    i.__ARM_common_switch8  ewbm_dma.o
    0x00002e4c   0x0000002c   Code   RO         3049    i.__ARM_fpclassify  m_ps.l(fpclassify.o)
    0x00002e78   0x0000000e   Code   RO          102    i.__io_delay        ewbm_delay.o
    0x00002e86   0x00000018   Code   RO          103    i.__m_delay         ewbm_delay.o
    0x00002e9e   0x0000000e   Code   RO         2848    i._is_digit         c_p.l(__printf_wp.o)
    0x00002eac   0x00000050   Code   RO         2585    i.checksum          ping.o
    0x00002efc   0x0000003c   Code   RO         1803    i.clock_init        ewbm_clock.o
    0x00002f38   0x00000068   Code   RO         1804    i.clock_select      ewbm_clock.o
    0x00002fa0   0x0000009c   Code   RO         2128    i.close             socket.o
    0x0000303c   0x00000050   Code   RO         2352    i.ctlnetwork        wizchip_conf.o
    0x0000308c   0x00000114   Code   RO         2353    i.ctlwizchip        wizchip_conf.o
    0x000031a0   0x000000b8   Code   RO         2131    i.disconnect        socket.o
    0x00003258   0x0000002c   Code   RO         1844    i.external_isr_clear  ewbm_isr.o
    0x00003284   0x0000002c   Code   RO         1845    i.external_isr_init  ewbm_isr.o
    0x000032b0   0x00000054   Code   RO         1846    i.external_isr_set  ewbm_isr.o
    0x00003304   0x0000006e   Code   RO         2224    i.getSn_RX_RSR      w5500.o
    0x00003372   0x0000006e   Code   RO         2225    i.getSn_TX_FSR      w5500.o
    0x000033e0   0x0000000c   Code   RO         1847    i.get_system_jitter  ewbm_isr.o
    0x000033ec   0x000000c0   Code   RO         2028    i.gpio_all_low      main.o
    0x000034ac   0x00000030   Code   RO          260    i.gpio_get_baseaddr  ewbm_gpio.o
    0x000034dc   0x00000010   Code   RO         2586    i.htons             ping.o
    0x000034ec   0x00000096   Code   RO         2133    i.listen            socket.o
    0x00003582   0x00000002   PAD
    0x00003584   0x000000d4   Code   RO         2029    i.main              main.o
    0x00003658   0x0000002c   Code   RO         1945    i.padmux_factory_init  ewbm_padmux.o
    0x00003684   0x000000a4   Code   RO         1946    i.padmux_init       ewbm_padmux.o
    0x00003728   0x000000f0   Code   RO         1947    i.padmux_set        ewbm_padmux.o
    0x00003818   0x00000174   Code   RO         2587    i.ping_auto         ping.o
    0x0000398c   0x00000098   Code   RO         2031    i.ping_client_test  main.o
    0x00003a24   0x0000026c   Code   RO         2589    i.ping_reply        ping.o
    0x00003c90   0x00000178   Code   RO         2590    i.ping_request      ping.o
    0x00003e08   0x00000138   Code   RO         1805    i.pll_control       ewbm_clock.o
    0x00003f40   0x00000120   Code   RO         2134    i.recv              socket.o
    0x00004060   0x00000270   Code   RO         2135    i.recvfrom          socket.o
    0x000042d0   0x0000002c   Code   RO         2356    i.reg_wizchip_cs_cbfunc  wizchip_conf.o
    0x000042fc   0x0000003c   Code   RO         2357    i.reg_wizchip_spi_cbfunc  wizchip_conf.o
    0x00004338   0x00000274   Code   RO         2034    i.runServer         main.o
    0x000045ac   0x00000178   Code   RO         2136    i.send              socket.o
    0x00004724   0x00000214   Code   RO         2137    i.sendto            socket.o
    0x00004938   0x0000019c   Code   RO         2139    i.socket            socket.o
    0x00004ad4   0x0000008c   Code   RO         2035    i.spi_gpio_init     main.o
    0x00004b60   0x0000002c   Code   RO         1470    i.uart_get_baseaddr  ewbm_uart.o
    0x00004b8c   0x00000034   Code   RO         1471    i.uart_get_int_mask  ewbm_uart.o
    0x00004bc0   0x00000068   Code   RO         1472    i.uart_int_cb       ewbm_uart.o
    0x00004c28   0x00000032   Code   RO         1473    i.uart_int_clear    ewbm_uart.o
    0x00004c5a   0x00000002   PAD
    0x00004c5c   0x0000002c   Code   RO         2036    i.uart_isr_rx_handler  main.o
    0x00004c88   0x00000018   Code   RO         2592    i.wait_1ms          ping.o
    0x00004ca0   0x0000000c   Code   RO         2593    i.wait_1us          ping.o
    0x00004cac   0x00000086   Code   RO         2226    i.wiz_recv_data     w5500.o
    0x00004d32   0x00000060   Code   RO         2227    i.wiz_recv_ignore   w5500.o
    0x00004d92   0x00000086   Code   RO         2228    i.wiz_send_data     w5500.o
    0x00004e18   0x00000006   Code   RO         2359    i.wizchip_bus_readdata  wizchip_conf.o
    0x00004e1e   0x00000004   Code   RO         2360    i.wizchip_bus_writedata  wizchip_conf.o
    0x00004e22   0x00000022   Code   RO         2361    i.wizchip_clrinterrupt  wizchip_conf.o
    0x00004e44   0x00000002   Code   RO         2362    i.wizchip_cris_enter  wizchip_conf.o
    0x00004e46   0x00000002   Code   RO         2363    i.wizchip_cris_exit  wizchip_conf.o
    0x00004e48   0x00000002   Code   RO         2364    i.wizchip_cs_deselect  wizchip_conf.o
    0x00004e4a   0x00000002   Code   RO         2365    i.wizchip_cs_select  wizchip_conf.o
    0x00004e4c   0x0000002c   Code   RO         2366    i.wizchip_getinterrupt  wizchip_conf.o
    0x00004e78   0x00000028   Code   RO         2367    i.wizchip_getinterruptmask  wizchip_conf.o
    0x00004ea0   0x0000005c   Code   RO         2368    i.wizchip_getnetinfo  wizchip_conf.o
    0x00004efc   0x0000000a   Code   RO         2369    i.wizchip_getnetmode  wizchip_conf.o
    0x00004f06   0x00000026   Code   RO         2370    i.wizchip_gettimeout  wizchip_conf.o
    0x00004f2c   0x00000090   Code   RO         2371    i.wizchip_init      wizchip_conf.o
    0x00004fbc   0x0000001e   Code   RO         2372    i.wizchip_setinterruptmask  wizchip_conf.o
    0x00004fda   0x00000002   PAD
    0x00004fdc   0x00000058   Code   RO         2373    i.wizchip_setnetinfo  wizchip_conf.o
    0x00005034   0x0000002e   Code   RO         2374    i.wizchip_setnetmode  wizchip_conf.o
    0x00005062   0x00000026   Code   RO         2375    i.wizchip_settimeout  wizchip_conf.o
    0x00005088   0x00000004   Code   RO         2377    i.wizchip_spi_readbyte  wizchip_conf.o
    0x0000508c   0x00000002   Code   RO         2379    i.wizchip_spi_writebyte  wizchip_conf.o
    0x0000508e   0x00000072   Code   RO         2380    i.wizchip_sw_reset  wizchip_conf.o
    0x00005100   0x0000007a   Code   RO         2381    i.wizphy_getphyconf  wizchip_conf.o
    0x0000517a   0x0000001c   Code   RO         2382    i.wizphy_getphylink  wizchip_conf.o
    0x00005196   0x0000001e   Code   RO         2383    i.wizphy_getphypmode  wizchip_conf.o
    0x000051b4   0x00000038   Code   RO         2385    i.wizphy_reset      wizchip_conf.o
    0x000051ec   0x0000005c   Code   RO         2386    i.wizphy_setphyconf  wizchip_conf.o
    0x00005248   0x0000006c   Code   RO         2387    i.wizphy_setphypmode  wizchip_conf.o
    0x000052b4   0x0000002c   Code   RO         3025    locale$$code        c_p.l(lc_numeric_c.o)
    0x000052e0   0x0000002c   Code   RO         3061    locale$$code        c_p.l(lc_ctype_c.o)
    0x0000530c   0x0000008c   Code   RO         2741    x$fpl$fadd          fz_ps.l(faddsub.o)
    0x00005398   0x000000b0   Code   RO         2756    x$fpl$fmul          fz_ps.l(fmul.o)
    0x00005448   0x000000d0   Code   RO         2743    x$fpl$fsub          fz_ps.l(faddsub.o)
    0x00005518   0x00000010   Code   RO         2928    x$fpl$printf1       fz_ps.l(printf1.o)
    0x00005528   0x00000010   Code   RO         2930    x$fpl$printf2       fz_ps.l(printf2.o)
    0x00005538   0x00000000   Code   RO         2936    x$fpl$usenofp       fz_ps.l(usenofp.o)
    0x00005538   0x00000014   Data   RO         1948    .constdata          ewbm_padmux.o
    0x0000554c   0x00000010   Data   RO         2292    .constdata          wiz_init.o
    0x0000555c   0x00000040   Data   RO         2748    .constdata          fz_ps.l(fdiv.o)
    0x0000559c   0x00000008   Data   RO         2807    .constdata          c_p.l(_printf_wctomb.o)
    0x000055a4   0x00000028   Data   RO         2836    .constdata          c_p.l(_printf_hex_int_ll_ptr.o)
    0x000055cc   0x00000011   Data   RO         2856    .constdata          c_p.l(__printf_flags_ss_wp.o)
    0x000055dd   0x00000026   Data   RO         2974    .constdata          c_p.l(_printf_fp_hex.o)
    0x00005603   0x00000001   PAD
    0x00005604   0x00000094   Data   RO         3018    .constdata          c_p.l(bigflt0.o)
    0x00005698   0x00000241   Data   RO         2038    .conststring        main.o
    0x000058d9   0x00000003   PAD
    0x000058dc   0x00000041   Data   RO         2595    .conststring        ping.o
    0x0000591d   0x00000003   PAD
    0x00005920   0x00000020   Data   RO         3115    Region$$Table       anon$$obj.o
    0x00005940   0x0000001c   Data   RO         3024    locale$$data        c_p.l(lc_numeric_c.o)
    0x0000595c   0x00000110   Data   RO         3060    locale$$data        c_p.l(lc_ctype_c.o)


    Execution Region RW_IRAM1 (Base: 0x20000000, Size: 0x000032b0, Max: 0x00010000, ABSOLUTE)

    Base Addr    Size         Type   Attr      Idx    E Section Name        Object

    0x20000000   0x00000008   Data   RW         1475    .data               ewbm_uart.o
    0x20000008   0x00000004   Data   RW         1849    .data               ewbm_isr.o
    0x2000000c   0x00000004   Data   RW         1986    .data               system_ewbm.o
    0x20000010   0x00000025   Data   RW         2039    .data               main.o
    0x20000035   0x00000001   PAD
    0x20000036   0x0000000e   Data   RW         2141    .data               socket.o
    0x20000044   0x00000012   Data   RW         2293    .data               wiz_init.o
    0x20000056   0x00000002   PAD
    0x20000058   0x0000002d   Data   RW         2388    .data               wizchip_conf.o
    0x20000085   0x00000001   PAD
    0x20000086   0x00000007   Data   RW         2596    .data               ping.o
    0x2000008d   0x00000003   PAD
    0x20000090   0x00000030   Zero   RW         1474    .bss                ewbm_uart.o
    0x200000c0   0x000000e0   Zero   RW         1848    .bss                ewbm_isr.o
    0x200001a0   0x0000004e   Zero   RW         2037    .bss                main.o
    0x200001ee   0x00000010   Zero   RW         2140    .bss                socket.o
    0x200001fe   0x00000050   Zero   RW         2594    .bss                ping.o
    0x2000024e   0x00000002   PAD
    0x20000250   0x00000060   Zero   RW         2940    .bss                c_p.l(libspace.o)
    0x200002b0   0x00002000   Zero   RW         2122    HEAP                startup_armcc_armcm0.o
    0x200022b0   0x00001000   Zero   RW         2121    STACK               startup_armcc_armcm0.o


==============================================================================

Image component sizes


      Code (inc. data)   RO Data    RW Data    ZI Data      Debug   Object Name

         0          0          0          0          0      39664   ewbm_bspi.o
       476         36          0          0          0       1417   ewbm_clock.o
        38          0          0          0          0        993   ewbm_delay.o
        28          0          0          0          0       1956   ewbm_dma.o
       266         12          0          0          0       4902   ewbm_gpio.o
       324         70          0          4        224      13454   ewbm_isr.o
       448         28         20          0          0       2678   ewbm_padmux.o
       518          6          0          0          0       8258   ewbm_spi.o
       400          4          0          0          0       6851   ewbm_spi_arm.o
       404          4          0          0          0       6910   ewbm_spi_ewbm.o
      1338         84          0          8         48      12492   ewbm_uart.o
      1384        384        577         37         78       7926   main.o
      1500        430         65          7         80       6013   ping.o
      2722         92          0         14         16       7910   socket.o
        56         26        176          0      12288        652   startup_armcc_armcm0.o
       220         26          0          4          0       7887   system_ewbm.o
      1168         18          0          0          0       6478   w5500.o
       404        168         16         18          0       3948   wiz_init.o
      1638         78          0         45          0      20207   wizchip_conf.o

    ----------------------------------------------------------------------
     13346       1466        892        144      12736     160596   Object Totals
         0          0         32          0          0          0   (incl. Generated)
        14          0          6          7          2          0   (incl. Padding)

    ----------------------------------------------------------------------

      Code (inc. data)   RO Data    RW Data    ZI Data      Debug   Library Member Name

         8          0          0          0          0         68   __main.o
       392          6         17          0          0         76   __printf_flags_ss_wp.o
        14          0          0          0          0         60   __printf_wp.o
         0          0          0          0          0          0   __rtentry.o
        12          0          0          0          0          0   __rtentry2.o
         6          0          0          0          0          0   __rtentry4.o
        60          8          0          0          0          0   __scatter.o
        26          0          0          0          0          0   __scatter_copy.o
        28          0          0          0          0          0   __scatter_zi.o
        10          0          0          0          0          0   _printf_a.o
        10          0          0          0          0          0   _printf_c.o
        46          0          0          0          0        100   _printf_char.o
        48          6          0          0          0         88   _printf_char_common.o
        38          0          0          0          0         60   _printf_charcount.o
        10          0          0          0          0          0   _printf_d.o
       108         18          0          0          0         76   _printf_dec.o
        10          0          0          0          0          0   _printf_e.o
        10          0          0          0          0          0   _printf_f.o
      1044         14          0          0          0        176   _printf_fp_dec.o
       724         10         38          0          0         84   _printf_fp_hex.o
       136         16          0          0          0         76   _printf_fp_infnan.o
        10          0          0          0          0          0   _printf_g.o
       152          4         40          0          0        148   _printf_hex_int_ll_ptr.o
        10          0          0          0          0          0   _printf_i.o
       176          0          0          0          0         84   _printf_intcommon.o
        10          0          0          0          0          0   _printf_l.o
        10          0          0          0          0          0   _printf_lc.o
        10          0          0          0          0          0   _printf_ll.o
        10          0          0          0          0          0   _printf_lld.o
        10          0          0          0          0          0   _printf_lli.o
        10          0          0          0          0          0   _printf_llo.o
        10          0          0          0          0          0   _printf_llu.o
        10          0          0          0          0          0   _printf_llx.o
       112         18          0          0          0         76   _printf_longlong_dec.o
        10          0          0          0          0          0   _printf_ls.o
        10          0          0          0          0          0   _printf_n.o
        10          0          0          0          0          0   _printf_o.o
       112         10          0          0          0        112   _printf_oct_int_ll.o
        10          0          0          0          0          0   _printf_p.o
        78          0          0          0          0        100   _printf_pad.o
         2          0          0          0          0          0   _printf_percent.o
         4          0          0          0          0          0   _printf_percent_end.o
        10          0          0          0          0          0   _printf_s.o
        82          0          0          0          0         72   _printf_str.o
        36          0          0          0          0         76   _printf_truncate.o
        10          0          0          0          0          0   _printf_u.o
        46          0          0          0          0        100   _printf_wchar.o
       188          6          8          0          0         80   _printf_wctomb.o
        10          0          0          0          0          0   _printf_x.o
        10          0          0          0          0         60   _sputc.o
        64          0          0          0          0         72   _wcrtomb.o
       346          0          0          0          0         92   aeabi_sdiv.o
       200          4        148          0          0         80   bigflt0.o
      1240         12          0          0          0        316   btod.o
        12          0          0          0          0         68   defsig_exit.o
        52          0          0          0          0         72   defsig_general.o
        80         58          0          0          0         68   defsig_rtmem_inner.o
        12          0          0          0          0         68   defsig_rtmem_outer.o
        16          0          0          0          0         68   exit.o
        98          0          0          0          0         72   h1_alloc.o
        52          0          0          0          0         68   h1_extend.o
        76          0          0          0          0         72   h1_free.o
        14          0          0          0          0         76   h1_init.o
         6          0          0          0          0        136   heapauxi.o
         4          0          0          0          0        120   hguard.o
         0          0          0          0          0          0   indicate_semi.o
       136          0          0          0          0        160   init_alloc.o
        44         10        272          0          0         76   lc_ctype_c.o
        44         10         28          0          0         76   lc_numeric_c.o
         2          0          0          0          0          0   libinit.o
        38          0          0          0          0          0   libinit2.o
         2          0          0          0          0          0   libshutdown.o
         2          0          0          0          0          0   libshutdown2.o
         8          4          0          0         96         68   libspace.o
       122          0          0          0          0         72   lludiv10.o
         0          0          0          0          0          0   maybetermalloc1.o
        16          4          0          0          0         76   rt_ctype_table.o
         8          4          0          0          0         68   rt_heap_descriptor_intlibspace.o
         8          4          0          0          0         68   rt_locale_intlibspace.o
        64          0          0          0          0        108   rt_memclr.o
        56          0          0          0          0         68   rt_memcpy.o
         2          0          0          0          0          0   rtexit.o
        10          0          0          0          0          0   rtexit2.o
        40          0          0          0          0         60   rtudiv10.o
       136          4          0          0          0         72   strcmp.o
        68          6          0          0          0         72   strlen.o
        12          4          0          0          0         60   sys_exit.o
        62          0          0          0          0         80   sys_stackheap_outer.o
        12          0          0          0          0         68   sys_wrch.o
         2          0          0          0          0         68   use_no_semi.o
        36          4          0          0          0         68   vsprintf.o
       348          8          0          0          0        160   faddsub.o
       352         10         64          0          0         92   fdiv.o
        76          0          0          0          0         68   ffixi.o
        48          0          0          0          0         60   ffixui.o
        94          0          0          0          0         92   fflti.o
       176          4          0          0          0         80   fmul.o
        16          4          0          0          0         76   printf1.o
        16          4          0          0          0         76   printf2.o
         0          0          0          0          0          0   usenofp.o
        44          4          0          0          0         60   fpclassify.o

    ----------------------------------------------------------------------
      8294        278        616          0         96       5372   Library Totals
        14          0          1          0          0          0   (incl. Padding)

    ----------------------------------------------------------------------

      Code (inc. data)   RO Data    RW Data    ZI Data      Debug   Library Name

      7110        244        551          0         96       4608   c_p.l
      1126         30         64          0          0        704   fz_ps.l
        44          4          0          0          0         60   m_ps.l

    ----------------------------------------------------------------------
      8294        278        616          0         96       5372   Library Totals

    ----------------------------------------------------------------------

==============================================================================


      Code (inc. data)   RO Data    RW Data    ZI Data      Debug   

     21640       1744       1508        144      12832     157200   Grand Totals
     21640       1744       1508        144      12832     157200   ELF Image Totals
     21640       1744       1508        144          0          0   ROM Totals

==============================================================================

    Total RO  Size (Code + RO Data)                23148 (  22.61kB)
    Total RW  Size (RW Data + ZI Data)             12976 (  12.67kB)
    Total ROM Size (Code + RO Data + RW Data)      23292 (  22.75kB)

==============================================================================

